H 32 W 32

Layer 0 Tile 0 X 0 Y 0 Strip_x 64 Strip_y 0 Hieght 32 Width 32 END 

Layer 0 Tile 1 X 0 Y 32 Strip_x 64 Strip_y 0 Hieght 32 Width 32 END 

Layer 0 Tile 2 X 0 Y 64 Strip_x 64 Strip_y 0 Hieght 32 Width 32 END 

Layer 0 Tile 3 X 0 Y 96 Strip_x 64 Strip_y 0 Hieght 32 Width 32 END 

Layer 0 Tile 4 X 0 Y 128 Strip_x 64 Strip_y 0 Hieght 32 Width 32 END 


Layer 0 Tile 0 X 32 Y 0 Strip_x 64 Strip_y 0 Hieght 32 Width 32 END 

Layer 0 Tile 1 X 32 Y 32 Strip_x 128 Strip_y 0 Hieght 32 Width 32 END 

Layer 0 Tile 2 X 32 Y 64 Strip_x 128 Strip_y 0 Hieght 32 Width 32 END 

Layer 0 Tile 3 X 32 Y 96 Strip_x 128 Strip_y 0 Hieght 32 Width 32 END 

Layer 0 Tile 4 X 32 Y 128 Strip_x 64 Strip_y 0 Hieght 32 Width 32 END 


Layer 0 Tile 0 X 64 Y 0 Strip_x 64 Strip_y 0 Hieght 32 Width 32 END 

Layer 0 Tile 1 X 64 Y 32 Strip_x 128 Strip_y 0 Hieght 32 Width 32 END 

Layer 0 Tile 2 X 64 Y 64 Strip_x 128 Strip_y 0 Hieght 32 Width 32 END 

Layer 0 Tile 3 X 64 Y 96 Strip_x 128 Strip_y 0 Hieght 32 Width 32 END 

Layer 0 Tile 4 X 64 Y 128 Strip_x 64 Strip_y 0 Hieght 32 Width 32 END 


Layer 0 Tile 0 X 96 Y 0 Strip_x 64 Strip_y 0 Hieght 32 Width 32 END 

Layer 0 Tile 1 X 96 Y 32 Strip_x 128 Strip_y 0 Hieght 32 Width 32 END 

Layer 0 Tile 2 X 96 Y 64 Strip_x 128 Strip_y 0 Hieght 32 Width 32 END 

Layer 0 Tile 3 X 96 Y 96 Strip_x 128 Strip_y 0 Hieght 32 Width 32 END 

Layer 0 Tile 4 X 96 Y 128 Strip_x 64 Strip_y 0 Hieght 32 Width 32 END 


Layer 0 Tile 0 X 128 Y 0 Strip_x 64 Strip_y 0 Hieght 32 Width 32 END 

Layer 0 Tile 1 X 128 Y 32 Strip_x 64 Strip_y 0 Hieght 32 Width 32 END 

Layer 0 Tile 2 X 128 Y 64 Strip_x 64 Strip_y 0 Hieght 32 Width 32 END 

Layer 0 Tile 3 X 128 Y 96 Strip_x 64 Strip_y 0 Hieght 32 Width 32 END 

Layer 0 Tile 4 X 128 Y 128 Strip_x 64 Strip_y 0 Hieght 32 Width 32 END 



 
 
Layer 1 Tile 0 X 0 Y 0 Strip_x 128 Strip_y 0 Hieght 32 Width 32 END 

Layer 1 Tile 1 X 0 Y 32 Strip_x 128 Strip_y 0 Hieght 32 Width 32 END 

Layer 1 Tile 2 X 0 Y 64 Strip_x 128 Strip_y 0 Hieght 32 Width 32 END 

Layer 1 Tile 3 X 0 Y 96 Strip_x 128 Strip_y 0 Hieght 32 Width 32 END 

Layer 1 Tile 4 X 0 Y 128 Strip_x 128 Strip_y 0 Hieght 32 Width 32 END 


Layer 1 Tile 0 X 32 Y 0 Strip_x 96 Strip_y 0 Hieght 32 Width 32 END 

Layer 1 Tile 1 X 32 Y 32 Strip_x 96 Strip_y 0 Hieght 32 Width 32 END 

Layer 1 Tile 2 X 32 Y 64 Strip_x 96 Strip_y 0 Hieght 32 Width 32 END 

Layer 1 Tile 3 X 32 Y 96 Strip_x 96 Strip_y 0 Hieght 32 Width 32 END 

Layer 1 Tile 4 X 32 Y 128 Strip_x 128 Strip_y 0 Hieght 32 Width 32 END 


Layer 1 Tile 0 X 64 Y 0 Strip_x 96 Strip_y 0 Hieght 32 Width 32 END 

Layer 1 Tile 1 X 64 Y 32 Strip_x 96 Strip_y 0 Hieght 32 Width 32 END 

Layer 1 Tile 2 X 64 Y 64 Strip_x 96 Strip_y 0 Hieght 32 Width 32 END 

Layer 1 Tile 3 X 64 Y 96 Strip_x 96 Strip_y 0 Hieght 32 Width 32 END 

Layer 1 Tile 4 X 64 Y 128 Strip_x 128 Strip_y 0 Hieght 32 Width 32 END 


Layer 1 Tile 0 X 96 Y 0 Strip_x 96 Strip_y 0 Hieght 32 Width 32 END 

Layer 1 Tile 1 X 96 Y 32 Strip_x 96 Strip_y 0 Hieght 32 Width 32 END 

Layer 1 Tile 2 X 96 Y 64 Strip_x 96 Strip_y 0 Hieght 32 Width 32 END 

Layer 1 Tile 3 X 96 Y 96 Strip_x 96 Strip_y 0 Hieght 32 Width 32 END 

Layer 1 Tile 4 X 96 Y 128 Strip_x 128 Strip_y 0 Hieght 32 Width 32 END 


Layer 1 Tile 0 X 128 Y 0 Strip_x 128 Strip_y 0 Hieght 32 Width 32 END 

Layer 1 Tile 1 X 128 Y 32 Strip_x 128 Strip_y 0 Hieght 32 Width 32 END 

Layer 1 Tile 2 X 128 Y 64 Strip_x 128 Strip_y 0 Hieght 32 Width 32 END 

Layer 1 Tile 3 X 128 Y 96 Strip_x 128 Strip_y 0 Hieght 32 Width 32 END 

Layer 1 Tile 4 X 128 Y 128 Strip_x 128 Strip_y 0 Hieght 32 Width 32 END 



 
 
Layer 2 Tile 0 X 0 Y 0 Strip_x 128 Strip_y 0 Hieght 32 Width 32 END 

Layer 2 Tile 1 X 0 Y 32 Strip_x 128 Strip_y 0 Hieght 32 Width 32 END 

Layer 2 Tile 2 X 0 Y 64 Strip_x 128 Strip_y 0 Hieght 32 Width 32 END 

Layer 2 Tile 3 X 0 Y 96 Strip_x 128 Strip_y 0 Hieght 32 Width 32 END 

Layer 2 Tile 4 X 0 Y 128 Strip_x 0 Strip_y 0 Hieght 32 Width 32 END 


Layer 2 Tile 0 X 32 Y 0 Strip_x 128 Strip_y 0 Hieght 32 Width 32 END 

Layer 2 Tile 1 X 32 Y 32 Strip_x 128 Strip_y 0 Hieght 32 Width 32 END 

Layer 2 Tile 2 X 32 Y 64 Strip_x 128 Strip_y 0 Hieght 32 Width 32 END 

Layer 2 Tile 3 X 32 Y 96 Strip_x 128 Strip_y 0 Hieght 32 Width 32 END 

Layer 2 Tile 4 X 32 Y 128 Strip_x 0 Strip_y 0 Hieght 32 Width 32 END 


Layer 2 Tile 0 X 64 Y 0 Strip_x 128 Strip_y 0 Hieght 32 Width 32 END 

Layer 2 Tile 1 X 64 Y 32 Strip_x 128 Strip_y 0 Hieght 32 Width 32 END 

Layer 2 Tile 2 X 64 Y 64 Strip_x 128 Strip_y 0 Hieght 32 Width 32 END 

Layer 2 Tile 3 X 64 Y 96 Strip_x 128 Strip_y 0 Hieght 32 Width 32 END 

Layer 2 Tile 4 X 64 Y 128 Strip_x 0 Strip_y 0 Hieght 32 Width 32 END 


Layer 2 Tile 0 X 96 Y 0 Strip_x 128 Strip_y 0 Hieght 32 Width 32 END 

Layer 2 Tile 1 X 96 Y 32 Strip_x 128 Strip_y 0 Hieght 32 Width 32 END 

Layer 2 Tile 2 X 96 Y 64 Strip_x 128 Strip_y 0 Hieght 32 Width 32 END 

Layer 2 Tile 3 X 96 Y 96 Strip_x 128 Strip_y 0 Hieght 32 Width 32 END 

Layer 2 Tile 4 X 96 Y 128 Strip_x 0 Strip_y 0 Hieght 32 Width 32 END 


Layer 2 Tile 0 X 128 Y 0 Strip_x 128 Strip_y 0 Hieght 32 Width 32 END 

Layer 2 Tile 1 X 128 Y 32 Strip_x 128 Strip_y 0 Hieght 32 Width 32 END 

Layer 2 Tile 2 X 128 Y 64 Strip_x 128 Strip_y 0 Hieght 32 Width 32 END 

Layer 2 Tile 3 X 128 Y 96 Strip_x 128 Strip_y 0 Hieght 32 Width 32 END 

Layer 2 Tile 4 X 128 Y 128 Strip_x 0 Strip_y 0 Hieght 32 Width 32 END 



 
 
