H 32 W 32

MapX 20 MapY 20

Layer 0 Tile 0 X 0 Y 0 Strip_x 0 Strip_y 0 Hieght 32 Width 32 END 

Layer 0 Tile 1 X 0 Y 32 Strip_x 0 Strip_y 0 Hieght 32 Width 32 END 

Layer 0 Tile 2 X 0 Y 64 Strip_x 0 Strip_y 0 Hieght 32 Width 32 END 

Layer 0 Tile 3 X 0 Y 96 Strip_x 0 Strip_y 0 Hieght 32 Width 32 END 

Layer 0 Tile 4 X 0 Y 128 Strip_x 0 Strip_y 0 Hieght 32 Width 32 END 

Layer 0 Tile 5 X 0 Y 160 Strip_x 0 Strip_y 0 Hieght 32 Width 32 END 

Layer 0 Tile 6 X 0 Y 192 Strip_x 0 Strip_y 0 Hieght 32 Width 32 END 

Layer 0 Tile 7 X 0 Y 224 Strip_x 0 Strip_y 0 Hieght 32 Width 32 END 

Layer 0 Tile 8 X 0 Y 256 Strip_x 0 Strip_y 0 Hieght 32 Width 32 END 

Layer 0 Tile 9 X 0 Y 288 Strip_x 0 Strip_y 0 Hieght 32 Width 32 END 

Layer 0 Tile 10 X 0 Y 320 Strip_x 0 Strip_y 0 Hieght 32 Width 32 END 

Layer 0 Tile 11 X 0 Y 352 Strip_x 0 Strip_y 0 Hieght 32 Width 32 END 

Layer 0 Tile 12 X 0 Y 384 Strip_x 0 Strip_y 0 Hieght 32 Width 32 END 

Layer 0 Tile 13 X 0 Y 416 Strip_x 0 Strip_y 0 Hieght 32 Width 32 END 

Layer 0 Tile 14 X 0 Y 448 Strip_x 0 Strip_y 0 Hieght 32 Width 32 END 

Layer 0 Tile 15 X 0 Y 480 Strip_x 0 Strip_y 0 Hieght 32 Width 32 END 

Layer 0 Tile 16 X 0 Y 512 Strip_x 0 Strip_y 0 Hieght 32 Width 32 END 

Layer 0 Tile 17 X 0 Y 544 Strip_x 0 Strip_y 0 Hieght 32 Width 32 END 

Layer 0 Tile 18 X 0 Y 576 Strip_x 0 Strip_y 0 Hieght 32 Width 32 END 

Layer 0 Tile 19 X 0 Y 608 Strip_x 0 Strip_y 0 Hieght 32 Width 32 END 


Layer 0 Tile 0 X 32 Y 0 Strip_x 0 Strip_y 0 Hieght 32 Width 32 END 

Layer 0 Tile 1 X 32 Y 32 Strip_x 0 Strip_y 0 Hieght 32 Width 32 END 

Layer 0 Tile 2 X 32 Y 64 Strip_x 0 Strip_y 0 Hieght 32 Width 32 END 

Layer 0 Tile 3 X 32 Y 96 Strip_x 0 Strip_y 0 Hieght 32 Width 32 END 

Layer 0 Tile 4 X 32 Y 128 Strip_x 0 Strip_y 0 Hieght 32 Width 32 END 

Layer 0 Tile 5 X 32 Y 160 Strip_x 0 Strip_y 0 Hieght 32 Width 32 END 

Layer 0 Tile 6 X 32 Y 192 Strip_x 0 Strip_y 0 Hieght 32 Width 32 END 

Layer 0 Tile 7 X 32 Y 224 Strip_x 0 Strip_y 0 Hieght 32 Width 32 END 

Layer 0 Tile 8 X 32 Y 256 Strip_x 0 Strip_y 0 Hieght 32 Width 32 END 

Layer 0 Tile 9 X 32 Y 288 Strip_x 0 Strip_y 0 Hieght 32 Width 32 END 

Layer 0 Tile 10 X 32 Y 320 Strip_x 0 Strip_y 0 Hieght 32 Width 32 END 

Layer 0 Tile 11 X 32 Y 352 Strip_x 0 Strip_y 0 Hieght 32 Width 32 END 

Layer 0 Tile 12 X 32 Y 384 Strip_x 0 Strip_y 0 Hieght 32 Width 32 END 

Layer 0 Tile 13 X 32 Y 416 Strip_x 0 Strip_y 0 Hieght 32 Width 32 END 

Layer 0 Tile 14 X 32 Y 448 Strip_x 0 Strip_y 0 Hieght 32 Width 32 END 

Layer 0 Tile 15 X 32 Y 480 Strip_x 0 Strip_y 0 Hieght 32 Width 32 END 

Layer 0 Tile 16 X 32 Y 512 Strip_x 0 Strip_y 0 Hieght 32 Width 32 END 

Layer 0 Tile 17 X 32 Y 544 Strip_x 0 Strip_y 0 Hieght 32 Width 32 END 

Layer 0 Tile 18 X 32 Y 576 Strip_x 0 Strip_y 0 Hieght 32 Width 32 END 

Layer 0 Tile 19 X 32 Y 608 Strip_x 0 Strip_y 0 Hieght 32 Width 32 END 


Layer 0 Tile 0 X 64 Y 0 Strip_x 0 Strip_y 0 Hieght 32 Width 32 END 

Layer 0 Tile 1 X 64 Y 32 Strip_x 0 Strip_y 0 Hieght 32 Width 32 END 

Layer 0 Tile 2 X 64 Y 64 Strip_x 0 Strip_y 0 Hieght 32 Width 32 END 

Layer 0 Tile 3 X 64 Y 96 Strip_x 0 Strip_y 0 Hieght 32 Width 32 END 

Layer 0 Tile 4 X 64 Y 128 Strip_x 0 Strip_y 0 Hieght 32 Width 32 END 

Layer 0 Tile 5 X 64 Y 160 Strip_x 0 Strip_y 0 Hieght 32 Width 32 END 

Layer 0 Tile 6 X 64 Y 192 Strip_x 0 Strip_y 0 Hieght 32 Width 32 END 

Layer 0 Tile 7 X 64 Y 224 Strip_x 0 Strip_y 0 Hieght 32 Width 32 END 

Layer 0 Tile 8 X 64 Y 256 Strip_x 0 Strip_y 0 Hieght 32 Width 32 END 

Layer 0 Tile 9 X 64 Y 288 Strip_x 0 Strip_y 0 Hieght 32 Width 32 END 

Layer 0 Tile 10 X 64 Y 320 Strip_x 0 Strip_y 0 Hieght 32 Width 32 END 

Layer 0 Tile 11 X 64 Y 352 Strip_x 0 Strip_y 0 Hieght 32 Width 32 END 

Layer 0 Tile 12 X 64 Y 384 Strip_x 0 Strip_y 0 Hieght 32 Width 32 END 

Layer 0 Tile 13 X 64 Y 416 Strip_x 0 Strip_y 0 Hieght 32 Width 32 END 

Layer 0 Tile 14 X 64 Y 448 Strip_x 0 Strip_y 0 Hieght 32 Width 32 END 

Layer 0 Tile 15 X 64 Y 480 Strip_x 0 Strip_y 0 Hieght 32 Width 32 END 

Layer 0 Tile 16 X 64 Y 512 Strip_x 0 Strip_y 0 Hieght 32 Width 32 END 

Layer 0 Tile 17 X 64 Y 544 Strip_x 0 Strip_y 0 Hieght 32 Width 32 END 

Layer 0 Tile 18 X 64 Y 576 Strip_x 0 Strip_y 0 Hieght 32 Width 32 END 

Layer 0 Tile 19 X 64 Y 608 Strip_x 0 Strip_y 0 Hieght 32 Width 32 END 


Layer 0 Tile 0 X 96 Y 0 Strip_x 0 Strip_y 0 Hieght 32 Width 32 END 

Layer 0 Tile 1 X 96 Y 32 Strip_x 0 Strip_y 0 Hieght 32 Width 32 END 

Layer 0 Tile 2 X 96 Y 64 Strip_x 0 Strip_y 0 Hieght 32 Width 32 END 

Layer 0 Tile 3 X 96 Y 96 Strip_x 0 Strip_y 0 Hieght 32 Width 32 END 

Layer 0 Tile 4 X 96 Y 128 Strip_x 0 Strip_y 0 Hieght 32 Width 32 END 

Layer 0 Tile 5 X 96 Y 160 Strip_x 0 Strip_y 0 Hieght 32 Width 32 END 

Layer 0 Tile 6 X 96 Y 192 Strip_x 0 Strip_y 0 Hieght 32 Width 32 END 

Layer 0 Tile 7 X 96 Y 224 Strip_x 0 Strip_y 0 Hieght 32 Width 32 END 

Layer 0 Tile 8 X 96 Y 256 Strip_x 0 Strip_y 0 Hieght 32 Width 32 END 

Layer 0 Tile 9 X 96 Y 288 Strip_x 0 Strip_y 0 Hieght 32 Width 32 END 

Layer 0 Tile 10 X 96 Y 320 Strip_x 0 Strip_y 0 Hieght 32 Width 32 END 

Layer 0 Tile 11 X 96 Y 352 Strip_x 0 Strip_y 0 Hieght 32 Width 32 END 

Layer 0 Tile 12 X 96 Y 384 Strip_x 0 Strip_y 0 Hieght 32 Width 32 END 

Layer 0 Tile 13 X 96 Y 416 Strip_x 0 Strip_y 0 Hieght 32 Width 32 END 

Layer 0 Tile 14 X 96 Y 448 Strip_x 0 Strip_y 0 Hieght 32 Width 32 END 

Layer 0 Tile 15 X 96 Y 480 Strip_x 0 Strip_y 0 Hieght 32 Width 32 END 

Layer 0 Tile 16 X 96 Y 512 Strip_x 0 Strip_y 0 Hieght 32 Width 32 END 

Layer 0 Tile 17 X 96 Y 544 Strip_x 0 Strip_y 0 Hieght 32 Width 32 END 

Layer 0 Tile 18 X 96 Y 576 Strip_x 0 Strip_y 0 Hieght 32 Width 32 END 

Layer 0 Tile 19 X 96 Y 608 Strip_x 0 Strip_y 0 Hieght 32 Width 32 END 


Layer 0 Tile 0 X 128 Y 0 Strip_x 0 Strip_y 0 Hieght 32 Width 32 END 

Layer 0 Tile 1 X 128 Y 32 Strip_x 0 Strip_y 0 Hieght 32 Width 32 END 

Layer 0 Tile 2 X 128 Y 64 Strip_x 0 Strip_y 0 Hieght 32 Width 32 END 

Layer 0 Tile 3 X 128 Y 96 Strip_x 0 Strip_y 0 Hieght 32 Width 32 END 

Layer 0 Tile 4 X 128 Y 128 Strip_x 0 Strip_y 0 Hieght 32 Width 32 END 

Layer 0 Tile 5 X 128 Y 160 Strip_x 0 Strip_y 0 Hieght 32 Width 32 END 

Layer 0 Tile 6 X 128 Y 192 Strip_x 0 Strip_y 0 Hieght 32 Width 32 END 

Layer 0 Tile 7 X 128 Y 224 Strip_x 0 Strip_y 0 Hieght 32 Width 32 END 

Layer 0 Tile 8 X 128 Y 256 Strip_x 0 Strip_y 0 Hieght 32 Width 32 END 

Layer 0 Tile 9 X 128 Y 288 Strip_x 0 Strip_y 0 Hieght 32 Width 32 END 

Layer 0 Tile 10 X 128 Y 320 Strip_x 0 Strip_y 0 Hieght 32 Width 32 END 

Layer 0 Tile 11 X 128 Y 352 Strip_x 0 Strip_y 0 Hieght 32 Width 32 END 

Layer 0 Tile 12 X 128 Y 384 Strip_x 0 Strip_y 0 Hieght 32 Width 32 END 

Layer 0 Tile 13 X 128 Y 416 Strip_x 0 Strip_y 0 Hieght 32 Width 32 END 

Layer 0 Tile 14 X 128 Y 448 Strip_x 0 Strip_y 0 Hieght 32 Width 32 END 

Layer 0 Tile 15 X 128 Y 480 Strip_x 0 Strip_y 0 Hieght 32 Width 32 END 

Layer 0 Tile 16 X 128 Y 512 Strip_x 0 Strip_y 0 Hieght 32 Width 32 END 

Layer 0 Tile 17 X 128 Y 544 Strip_x 0 Strip_y 0 Hieght 32 Width 32 END 

Layer 0 Tile 18 X 128 Y 576 Strip_x 0 Strip_y 0 Hieght 32 Width 32 END 

Layer 0 Tile 19 X 128 Y 608 Strip_x 0 Strip_y 0 Hieght 32 Width 32 END 


Layer 0 Tile 0 X 160 Y 0 Strip_x 0 Strip_y 0 Hieght 32 Width 32 END 

Layer 0 Tile 1 X 160 Y 32 Strip_x 0 Strip_y 0 Hieght 32 Width 32 END 

Layer 0 Tile 2 X 160 Y 64 Strip_x 0 Strip_y 0 Hieght 32 Width 32 END 

Layer 0 Tile 3 X 160 Y 96 Strip_x 0 Strip_y 0 Hieght 32 Width 32 END 

Layer 0 Tile 4 X 160 Y 128 Strip_x 0 Strip_y 0 Hieght 32 Width 32 END 

Layer 0 Tile 5 X 160 Y 160 Strip_x 0 Strip_y 0 Hieght 32 Width 32 END 

Layer 0 Tile 6 X 160 Y 192 Strip_x 0 Strip_y 0 Hieght 32 Width 32 END 

Layer 0 Tile 7 X 160 Y 224 Strip_x 0 Strip_y 0 Hieght 32 Width 32 END 

Layer 0 Tile 8 X 160 Y 256 Strip_x 0 Strip_y 0 Hieght 32 Width 32 END 

Layer 0 Tile 9 X 160 Y 288 Strip_x 0 Strip_y 0 Hieght 32 Width 32 END 

Layer 0 Tile 10 X 160 Y 320 Strip_x 0 Strip_y 0 Hieght 32 Width 32 END 

Layer 0 Tile 11 X 160 Y 352 Strip_x 0 Strip_y 0 Hieght 32 Width 32 END 

Layer 0 Tile 12 X 160 Y 384 Strip_x 0 Strip_y 0 Hieght 32 Width 32 END 

Layer 0 Tile 13 X 160 Y 416 Strip_x 0 Strip_y 0 Hieght 32 Width 32 END 

Layer 0 Tile 14 X 160 Y 448 Strip_x 0 Strip_y 0 Hieght 32 Width 32 END 

Layer 0 Tile 15 X 160 Y 480 Strip_x 0 Strip_y 0 Hieght 32 Width 32 END 

Layer 0 Tile 16 X 160 Y 512 Strip_x 0 Strip_y 0 Hieght 32 Width 32 END 

Layer 0 Tile 17 X 160 Y 544 Strip_x 0 Strip_y 0 Hieght 32 Width 32 END 

Layer 0 Tile 18 X 160 Y 576 Strip_x 0 Strip_y 0 Hieght 32 Width 32 END 

Layer 0 Tile 19 X 160 Y 608 Strip_x 0 Strip_y 0 Hieght 32 Width 32 END 


Layer 0 Tile 0 X 192 Y 0 Strip_x 0 Strip_y 0 Hieght 32 Width 32 END 

Layer 0 Tile 1 X 192 Y 32 Strip_x 0 Strip_y 0 Hieght 32 Width 32 END 

Layer 0 Tile 2 X 192 Y 64 Strip_x 0 Strip_y 0 Hieght 32 Width 32 END 

Layer 0 Tile 3 X 192 Y 96 Strip_x 0 Strip_y 0 Hieght 32 Width 32 END 

Layer 0 Tile 4 X 192 Y 128 Strip_x 0 Strip_y 0 Hieght 32 Width 32 END 

Layer 0 Tile 5 X 192 Y 160 Strip_x 0 Strip_y 0 Hieght 32 Width 32 END 

Layer 0 Tile 6 X 192 Y 192 Strip_x 0 Strip_y 0 Hieght 32 Width 32 END 

Layer 0 Tile 7 X 192 Y 224 Strip_x 0 Strip_y 0 Hieght 32 Width 32 END 

Layer 0 Tile 8 X 192 Y 256 Strip_x 0 Strip_y 0 Hieght 32 Width 32 END 

Layer 0 Tile 9 X 192 Y 288 Strip_x 0 Strip_y 0 Hieght 32 Width 32 END 

Layer 0 Tile 10 X 192 Y 320 Strip_x 0 Strip_y 0 Hieght 32 Width 32 END 

Layer 0 Tile 11 X 192 Y 352 Strip_x 0 Strip_y 0 Hieght 32 Width 32 END 

Layer 0 Tile 12 X 192 Y 384 Strip_x 0 Strip_y 0 Hieght 32 Width 32 END 

Layer 0 Tile 13 X 192 Y 416 Strip_x 0 Strip_y 0 Hieght 32 Width 32 END 

Layer 0 Tile 14 X 192 Y 448 Strip_x 0 Strip_y 0 Hieght 32 Width 32 END 

Layer 0 Tile 15 X 192 Y 480 Strip_x 0 Strip_y 0 Hieght 32 Width 32 END 

Layer 0 Tile 16 X 192 Y 512 Strip_x 0 Strip_y 0 Hieght 32 Width 32 END 

Layer 0 Tile 17 X 192 Y 544 Strip_x 0 Strip_y 0 Hieght 32 Width 32 END 

Layer 0 Tile 18 X 192 Y 576 Strip_x 0 Strip_y 0 Hieght 32 Width 32 END 

Layer 0 Tile 19 X 192 Y 608 Strip_x 0 Strip_y 0 Hieght 32 Width 32 END 


Layer 0 Tile 0 X 224 Y 0 Strip_x 0 Strip_y 0 Hieght 32 Width 32 END 

Layer 0 Tile 1 X 224 Y 32 Strip_x 0 Strip_y 0 Hieght 32 Width 32 END 

Layer 0 Tile 2 X 224 Y 64 Strip_x 0 Strip_y 0 Hieght 32 Width 32 END 

Layer 0 Tile 3 X 224 Y 96 Strip_x 0 Strip_y 0 Hieght 32 Width 32 END 

Layer 0 Tile 4 X 224 Y 128 Strip_x 0 Strip_y 0 Hieght 32 Width 32 END 

Layer 0 Tile 5 X 224 Y 160 Strip_x 0 Strip_y 0 Hieght 32 Width 32 END 

Layer 0 Tile 6 X 224 Y 192 Strip_x 0 Strip_y 0 Hieght 32 Width 32 END 

Layer 0 Tile 7 X 224 Y 224 Strip_x 0 Strip_y 0 Hieght 32 Width 32 END 

Layer 0 Tile 8 X 224 Y 256 Strip_x 0 Strip_y 0 Hieght 32 Width 32 END 

Layer 0 Tile 9 X 224 Y 288 Strip_x 0 Strip_y 0 Hieght 32 Width 32 END 

Layer 0 Tile 10 X 224 Y 320 Strip_x 0 Strip_y 0 Hieght 32 Width 32 END 

Layer 0 Tile 11 X 224 Y 352 Strip_x 0 Strip_y 0 Hieght 32 Width 32 END 

Layer 0 Tile 12 X 224 Y 384 Strip_x 0 Strip_y 0 Hieght 32 Width 32 END 

Layer 0 Tile 13 X 224 Y 416 Strip_x 0 Strip_y 0 Hieght 32 Width 32 END 

Layer 0 Tile 14 X 224 Y 448 Strip_x 0 Strip_y 0 Hieght 32 Width 32 END 

Layer 0 Tile 15 X 224 Y 480 Strip_x 0 Strip_y 0 Hieght 32 Width 32 END 

Layer 0 Tile 16 X 224 Y 512 Strip_x 0 Strip_y 0 Hieght 32 Width 32 END 

Layer 0 Tile 17 X 224 Y 544 Strip_x 0 Strip_y 0 Hieght 32 Width 32 END 

Layer 0 Tile 18 X 224 Y 576 Strip_x 0 Strip_y 0 Hieght 32 Width 32 END 

Layer 0 Tile 19 X 224 Y 608 Strip_x 0 Strip_y 0 Hieght 32 Width 32 END 


Layer 0 Tile 0 X 256 Y 0 Strip_x 0 Strip_y 0 Hieght 32 Width 32 END 

Layer 0 Tile 1 X 256 Y 32 Strip_x 0 Strip_y 0 Hieght 32 Width 32 END 

Layer 0 Tile 2 X 256 Y 64 Strip_x 0 Strip_y 0 Hieght 32 Width 32 END 

Layer 0 Tile 3 X 256 Y 96 Strip_x 0 Strip_y 0 Hieght 32 Width 32 END 

Layer 0 Tile 4 X 256 Y 128 Strip_x 0 Strip_y 0 Hieght 32 Width 32 END 

Layer 0 Tile 5 X 256 Y 160 Strip_x 0 Strip_y 0 Hieght 32 Width 32 END 

Layer 0 Tile 6 X 256 Y 192 Strip_x 0 Strip_y 0 Hieght 32 Width 32 END 

Layer 0 Tile 7 X 256 Y 224 Strip_x 0 Strip_y 0 Hieght 32 Width 32 END 

Layer 0 Tile 8 X 256 Y 256 Strip_x 0 Strip_y 0 Hieght 32 Width 32 END 

Layer 0 Tile 9 X 256 Y 288 Strip_x 0 Strip_y 0 Hieght 32 Width 32 END 

Layer 0 Tile 10 X 256 Y 320 Strip_x 0 Strip_y 0 Hieght 32 Width 32 END 

Layer 0 Tile 11 X 256 Y 352 Strip_x 0 Strip_y 0 Hieght 32 Width 32 END 

Layer 0 Tile 12 X 256 Y 384 Strip_x 0 Strip_y 0 Hieght 32 Width 32 END 

Layer 0 Tile 13 X 256 Y 416 Strip_x 0 Strip_y 0 Hieght 32 Width 32 END 

Layer 0 Tile 14 X 256 Y 448 Strip_x 0 Strip_y 0 Hieght 32 Width 32 END 

Layer 0 Tile 15 X 256 Y 480 Strip_x 0 Strip_y 0 Hieght 32 Width 32 END 

Layer 0 Tile 16 X 256 Y 512 Strip_x 0 Strip_y 0 Hieght 32 Width 32 END 

Layer 0 Tile 17 X 256 Y 544 Strip_x 0 Strip_y 0 Hieght 32 Width 32 END 

Layer 0 Tile 18 X 256 Y 576 Strip_x 0 Strip_y 0 Hieght 32 Width 32 END 

Layer 0 Tile 19 X 256 Y 608 Strip_x 0 Strip_y 0 Hieght 32 Width 32 END 


Layer 0 Tile 0 X 288 Y 0 Strip_x 0 Strip_y 0 Hieght 32 Width 32 END 

Layer 0 Tile 1 X 288 Y 32 Strip_x 0 Strip_y 0 Hieght 32 Width 32 END 

Layer 0 Tile 2 X 288 Y 64 Strip_x 0 Strip_y 0 Hieght 32 Width 32 END 

Layer 0 Tile 3 X 288 Y 96 Strip_x 0 Strip_y 0 Hieght 32 Width 32 END 

Layer 0 Tile 4 X 288 Y 128 Strip_x 0 Strip_y 0 Hieght 32 Width 32 END 

Layer 0 Tile 5 X 288 Y 160 Strip_x 0 Strip_y 0 Hieght 32 Width 32 END 

Layer 0 Tile 6 X 288 Y 192 Strip_x 0 Strip_y 0 Hieght 32 Width 32 END 

Layer 0 Tile 7 X 288 Y 224 Strip_x 0 Strip_y 0 Hieght 32 Width 32 END 

Layer 0 Tile 8 X 288 Y 256 Strip_x 0 Strip_y 0 Hieght 32 Width 32 END 

Layer 0 Tile 9 X 288 Y 288 Strip_x 0 Strip_y 0 Hieght 32 Width 32 END 

Layer 0 Tile 10 X 288 Y 320 Strip_x 0 Strip_y 0 Hieght 32 Width 32 END 

Layer 0 Tile 11 X 288 Y 352 Strip_x 0 Strip_y 0 Hieght 32 Width 32 END 

Layer 0 Tile 12 X 288 Y 384 Strip_x 0 Strip_y 0 Hieght 32 Width 32 END 

Layer 0 Tile 13 X 288 Y 416 Strip_x 0 Strip_y 0 Hieght 32 Width 32 END 

Layer 0 Tile 14 X 288 Y 448 Strip_x 0 Strip_y 0 Hieght 32 Width 32 END 

Layer 0 Tile 15 X 288 Y 480 Strip_x 0 Strip_y 0 Hieght 32 Width 32 END 

Layer 0 Tile 16 X 288 Y 512 Strip_x 0 Strip_y 0 Hieght 32 Width 32 END 

Layer 0 Tile 17 X 288 Y 544 Strip_x 0 Strip_y 0 Hieght 32 Width 32 END 

Layer 0 Tile 18 X 288 Y 576 Strip_x 0 Strip_y 0 Hieght 32 Width 32 END 

Layer 0 Tile 19 X 288 Y 608 Strip_x 0 Strip_y 0 Hieght 32 Width 32 END 


Layer 0 Tile 0 X 320 Y 0 Strip_x 0 Strip_y 0 Hieght 32 Width 32 END 

Layer 0 Tile 1 X 320 Y 32 Strip_x 0 Strip_y 0 Hieght 32 Width 32 END 

Layer 0 Tile 2 X 320 Y 64 Strip_x 0 Strip_y 0 Hieght 32 Width 32 END 

Layer 0 Tile 3 X 320 Y 96 Strip_x 0 Strip_y 0 Hieght 32 Width 32 END 

Layer 0 Tile 4 X 320 Y 128 Strip_x 0 Strip_y 0 Hieght 32 Width 32 END 

Layer 0 Tile 5 X 320 Y 160 Strip_x 0 Strip_y 0 Hieght 32 Width 32 END 

Layer 0 Tile 6 X 320 Y 192 Strip_x 0 Strip_y 0 Hieght 32 Width 32 END 

Layer 0 Tile 7 X 320 Y 224 Strip_x 0 Strip_y 0 Hieght 32 Width 32 END 

Layer 0 Tile 8 X 320 Y 256 Strip_x 0 Strip_y 0 Hieght 32 Width 32 END 

Layer 0 Tile 9 X 320 Y 288 Strip_x 0 Strip_y 0 Hieght 32 Width 32 END 

Layer 0 Tile 10 X 320 Y 320 Strip_x 0 Strip_y 0 Hieght 32 Width 32 END 

Layer 0 Tile 11 X 320 Y 352 Strip_x 0 Strip_y 0 Hieght 32 Width 32 END 

Layer 0 Tile 12 X 320 Y 384 Strip_x 0 Strip_y 0 Hieght 32 Width 32 END 

Layer 0 Tile 13 X 320 Y 416 Strip_x 0 Strip_y 0 Hieght 32 Width 32 END 

Layer 0 Tile 14 X 320 Y 448 Strip_x 0 Strip_y 0 Hieght 32 Width 32 END 

Layer 0 Tile 15 X 320 Y 480 Strip_x 0 Strip_y 0 Hieght 32 Width 32 END 

Layer 0 Tile 16 X 320 Y 512 Strip_x 0 Strip_y 0 Hieght 32 Width 32 END 

Layer 0 Tile 17 X 320 Y 544 Strip_x 0 Strip_y 0 Hieght 32 Width 32 END 

Layer 0 Tile 18 X 320 Y 576 Strip_x 0 Strip_y 0 Hieght 32 Width 32 END 

Layer 0 Tile 19 X 320 Y 608 Strip_x 0 Strip_y 0 Hieght 32 Width 32 END 


Layer 0 Tile 0 X 352 Y 0 Strip_x 0 Strip_y 0 Hieght 32 Width 32 END 

Layer 0 Tile 1 X 352 Y 32 Strip_x 0 Strip_y 0 Hieght 32 Width 32 END 

Layer 0 Tile 2 X 352 Y 64 Strip_x 0 Strip_y 0 Hieght 32 Width 32 END 

Layer 0 Tile 3 X 352 Y 96 Strip_x 0 Strip_y 0 Hieght 32 Width 32 END 

Layer 0 Tile 4 X 352 Y 128 Strip_x 0 Strip_y 0 Hieght 32 Width 32 END 

Layer 0 Tile 5 X 352 Y 160 Strip_x 0 Strip_y 0 Hieght 32 Width 32 END 

Layer 0 Tile 6 X 352 Y 192 Strip_x 0 Strip_y 0 Hieght 32 Width 32 END 

Layer 0 Tile 7 X 352 Y 224 Strip_x 0 Strip_y 0 Hieght 32 Width 32 END 

Layer 0 Tile 8 X 352 Y 256 Strip_x 0 Strip_y 0 Hieght 32 Width 32 END 

Layer 0 Tile 9 X 352 Y 288 Strip_x 0 Strip_y 0 Hieght 32 Width 32 END 

Layer 0 Tile 10 X 352 Y 320 Strip_x 0 Strip_y 0 Hieght 32 Width 32 END 

Layer 0 Tile 11 X 352 Y 352 Strip_x 0 Strip_y 0 Hieght 32 Width 32 END 

Layer 0 Tile 12 X 352 Y 384 Strip_x 0 Strip_y 0 Hieght 32 Width 32 END 

Layer 0 Tile 13 X 352 Y 416 Strip_x 0 Strip_y 0 Hieght 32 Width 32 END 

Layer 0 Tile 14 X 352 Y 448 Strip_x 0 Strip_y 0 Hieght 32 Width 32 END 

Layer 0 Tile 15 X 352 Y 480 Strip_x 0 Strip_y 0 Hieght 32 Width 32 END 

Layer 0 Tile 16 X 352 Y 512 Strip_x 0 Strip_y 0 Hieght 32 Width 32 END 

Layer 0 Tile 17 X 352 Y 544 Strip_x 0 Strip_y 0 Hieght 32 Width 32 END 

Layer 0 Tile 18 X 352 Y 576 Strip_x 0 Strip_y 0 Hieght 32 Width 32 END 

Layer 0 Tile 19 X 352 Y 608 Strip_x 0 Strip_y 0 Hieght 32 Width 32 END 


Layer 0 Tile 0 X 384 Y 0 Strip_x 0 Strip_y 0 Hieght 32 Width 32 END 

Layer 0 Tile 1 X 384 Y 32 Strip_x 0 Strip_y 0 Hieght 32 Width 32 END 

Layer 0 Tile 2 X 384 Y 64 Strip_x 0 Strip_y 0 Hieght 32 Width 32 END 

Layer 0 Tile 3 X 384 Y 96 Strip_x 0 Strip_y 0 Hieght 32 Width 32 END 

Layer 0 Tile 4 X 384 Y 128 Strip_x 0 Strip_y 0 Hieght 32 Width 32 END 

Layer 0 Tile 5 X 384 Y 160 Strip_x 0 Strip_y 0 Hieght 32 Width 32 END 

Layer 0 Tile 6 X 384 Y 192 Strip_x 0 Strip_y 0 Hieght 32 Width 32 END 

Layer 0 Tile 7 X 384 Y 224 Strip_x 0 Strip_y 0 Hieght 32 Width 32 END 

Layer 0 Tile 8 X 384 Y 256 Strip_x 0 Strip_y 0 Hieght 32 Width 32 END 

Layer 0 Tile 9 X 384 Y 288 Strip_x 0 Strip_y 0 Hieght 32 Width 32 END 

Layer 0 Tile 10 X 384 Y 320 Strip_x 0 Strip_y 0 Hieght 32 Width 32 END 

Layer 0 Tile 11 X 384 Y 352 Strip_x 0 Strip_y 0 Hieght 32 Width 32 END 

Layer 0 Tile 12 X 384 Y 384 Strip_x 0 Strip_y 0 Hieght 32 Width 32 END 

Layer 0 Tile 13 X 384 Y 416 Strip_x 0 Strip_y 0 Hieght 32 Width 32 END 

Layer 0 Tile 14 X 384 Y 448 Strip_x 0 Strip_y 0 Hieght 32 Width 32 END 

Layer 0 Tile 15 X 384 Y 480 Strip_x 0 Strip_y 0 Hieght 32 Width 32 END 

Layer 0 Tile 16 X 384 Y 512 Strip_x 0 Strip_y 0 Hieght 32 Width 32 END 

Layer 0 Tile 17 X 384 Y 544 Strip_x 0 Strip_y 0 Hieght 32 Width 32 END 

Layer 0 Tile 18 X 384 Y 576 Strip_x 0 Strip_y 0 Hieght 32 Width 32 END 

Layer 0 Tile 19 X 384 Y 608 Strip_x 0 Strip_y 0 Hieght 32 Width 32 END 


Layer 0 Tile 0 X 416 Y 0 Strip_x 0 Strip_y 0 Hieght 32 Width 32 END 

Layer 0 Tile 1 X 416 Y 32 Strip_x 0 Strip_y 0 Hieght 32 Width 32 END 

Layer 0 Tile 2 X 416 Y 64 Strip_x 0 Strip_y 0 Hieght 32 Width 32 END 

Layer 0 Tile 3 X 416 Y 96 Strip_x 0 Strip_y 0 Hieght 32 Width 32 END 

Layer 0 Tile 4 X 416 Y 128 Strip_x 0 Strip_y 0 Hieght 32 Width 32 END 

Layer 0 Tile 5 X 416 Y 160 Strip_x 0 Strip_y 0 Hieght 32 Width 32 END 

Layer 0 Tile 6 X 416 Y 192 Strip_x 0 Strip_y 0 Hieght 32 Width 32 END 

Layer 0 Tile 7 X 416 Y 224 Strip_x 0 Strip_y 0 Hieght 32 Width 32 END 

Layer 0 Tile 8 X 416 Y 256 Strip_x 0 Strip_y 0 Hieght 32 Width 32 END 

Layer 0 Tile 9 X 416 Y 288 Strip_x 0 Strip_y 0 Hieght 32 Width 32 END 

Layer 0 Tile 10 X 416 Y 320 Strip_x 0 Strip_y 0 Hieght 32 Width 32 END 

Layer 0 Tile 11 X 416 Y 352 Strip_x 0 Strip_y 0 Hieght 32 Width 32 END 

Layer 0 Tile 12 X 416 Y 384 Strip_x 0 Strip_y 0 Hieght 32 Width 32 END 

Layer 0 Tile 13 X 416 Y 416 Strip_x 0 Strip_y 0 Hieght 32 Width 32 END 

Layer 0 Tile 14 X 416 Y 448 Strip_x 0 Strip_y 0 Hieght 32 Width 32 END 

Layer 0 Tile 15 X 416 Y 480 Strip_x 0 Strip_y 0 Hieght 32 Width 32 END 

Layer 0 Tile 16 X 416 Y 512 Strip_x 0 Strip_y 0 Hieght 32 Width 32 END 

Layer 0 Tile 17 X 416 Y 544 Strip_x 0 Strip_y 0 Hieght 32 Width 32 END 

Layer 0 Tile 18 X 416 Y 576 Strip_x 0 Strip_y 0 Hieght 32 Width 32 END 

Layer 0 Tile 19 X 416 Y 608 Strip_x 0 Strip_y 0 Hieght 32 Width 32 END 


Layer 0 Tile 0 X 448 Y 0 Strip_x 0 Strip_y 0 Hieght 32 Width 32 END 

Layer 0 Tile 1 X 448 Y 32 Strip_x 0 Strip_y 0 Hieght 32 Width 32 END 

Layer 0 Tile 2 X 448 Y 64 Strip_x 0 Strip_y 0 Hieght 32 Width 32 END 

Layer 0 Tile 3 X 448 Y 96 Strip_x 0 Strip_y 0 Hieght 32 Width 32 END 

Layer 0 Tile 4 X 448 Y 128 Strip_x 0 Strip_y 0 Hieght 32 Width 32 END 

Layer 0 Tile 5 X 448 Y 160 Strip_x 0 Strip_y 0 Hieght 32 Width 32 END 

Layer 0 Tile 6 X 448 Y 192 Strip_x 0 Strip_y 0 Hieght 32 Width 32 END 

Layer 0 Tile 7 X 448 Y 224 Strip_x 0 Strip_y 0 Hieght 32 Width 32 END 

Layer 0 Tile 8 X 448 Y 256 Strip_x 0 Strip_y 0 Hieght 32 Width 32 END 

Layer 0 Tile 9 X 448 Y 288 Strip_x 0 Strip_y 0 Hieght 32 Width 32 END 

Layer 0 Tile 10 X 448 Y 320 Strip_x 0 Strip_y 0 Hieght 32 Width 32 END 

Layer 0 Tile 11 X 448 Y 352 Strip_x 0 Strip_y 0 Hieght 32 Width 32 END 

Layer 0 Tile 12 X 448 Y 384 Strip_x 0 Strip_y 0 Hieght 32 Width 32 END 

Layer 0 Tile 13 X 448 Y 416 Strip_x 0 Strip_y 0 Hieght 32 Width 32 END 

Layer 0 Tile 14 X 448 Y 448 Strip_x 0 Strip_y 0 Hieght 32 Width 32 END 

Layer 0 Tile 15 X 448 Y 480 Strip_x 0 Strip_y 0 Hieght 32 Width 32 END 

Layer 0 Tile 16 X 448 Y 512 Strip_x 0 Strip_y 0 Hieght 32 Width 32 END 

Layer 0 Tile 17 X 448 Y 544 Strip_x 0 Strip_y 0 Hieght 32 Width 32 END 

Layer 0 Tile 18 X 448 Y 576 Strip_x 0 Strip_y 0 Hieght 32 Width 32 END 

Layer 0 Tile 19 X 448 Y 608 Strip_x 0 Strip_y 0 Hieght 32 Width 32 END 


Layer 0 Tile 0 X 480 Y 0 Strip_x 0 Strip_y 0 Hieght 32 Width 32 END 

Layer 0 Tile 1 X 480 Y 32 Strip_x 0 Strip_y 0 Hieght 32 Width 32 END 

Layer 0 Tile 2 X 480 Y 64 Strip_x 0 Strip_y 0 Hieght 32 Width 32 END 

Layer 0 Tile 3 X 480 Y 96 Strip_x 0 Strip_y 0 Hieght 32 Width 32 END 

Layer 0 Tile 4 X 480 Y 128 Strip_x 0 Strip_y 0 Hieght 32 Width 32 END 

Layer 0 Tile 5 X 480 Y 160 Strip_x 0 Strip_y 0 Hieght 32 Width 32 END 

Layer 0 Tile 6 X 480 Y 192 Strip_x 0 Strip_y 0 Hieght 32 Width 32 END 

Layer 0 Tile 7 X 480 Y 224 Strip_x 0 Strip_y 0 Hieght 32 Width 32 END 

Layer 0 Tile 8 X 480 Y 256 Strip_x 0 Strip_y 0 Hieght 32 Width 32 END 

Layer 0 Tile 9 X 480 Y 288 Strip_x 0 Strip_y 0 Hieght 32 Width 32 END 

Layer 0 Tile 10 X 480 Y 320 Strip_x 0 Strip_y 0 Hieght 32 Width 32 END 

Layer 0 Tile 11 X 480 Y 352 Strip_x 0 Strip_y 0 Hieght 32 Width 32 END 

Layer 0 Tile 12 X 480 Y 384 Strip_x 0 Strip_y 0 Hieght 32 Width 32 END 

Layer 0 Tile 13 X 480 Y 416 Strip_x 0 Strip_y 0 Hieght 32 Width 32 END 

Layer 0 Tile 14 X 480 Y 448 Strip_x 0 Strip_y 0 Hieght 32 Width 32 END 

Layer 0 Tile 15 X 480 Y 480 Strip_x 0 Strip_y 0 Hieght 32 Width 32 END 

Layer 0 Tile 16 X 480 Y 512 Strip_x 0 Strip_y 0 Hieght 32 Width 32 END 

Layer 0 Tile 17 X 480 Y 544 Strip_x 0 Strip_y 0 Hieght 32 Width 32 END 

Layer 0 Tile 18 X 480 Y 576 Strip_x 0 Strip_y 0 Hieght 32 Width 32 END 

Layer 0 Tile 19 X 480 Y 608 Strip_x 0 Strip_y 0 Hieght 32 Width 32 END 


Layer 0 Tile 0 X 512 Y 0 Strip_x 0 Strip_y 0 Hieght 32 Width 32 END 

Layer 0 Tile 1 X 512 Y 32 Strip_x 0 Strip_y 0 Hieght 32 Width 32 END 

Layer 0 Tile 2 X 512 Y 64 Strip_x 0 Strip_y 0 Hieght 32 Width 32 END 

Layer 0 Tile 3 X 512 Y 96 Strip_x 0 Strip_y 0 Hieght 32 Width 32 END 

Layer 0 Tile 4 X 512 Y 128 Strip_x 0 Strip_y 0 Hieght 32 Width 32 END 

Layer 0 Tile 5 X 512 Y 160 Strip_x 0 Strip_y 0 Hieght 32 Width 32 END 

Layer 0 Tile 6 X 512 Y 192 Strip_x 0 Strip_y 0 Hieght 32 Width 32 END 

Layer 0 Tile 7 X 512 Y 224 Strip_x 0 Strip_y 0 Hieght 32 Width 32 END 

Layer 0 Tile 8 X 512 Y 256 Strip_x 0 Strip_y 0 Hieght 32 Width 32 END 

Layer 0 Tile 9 X 512 Y 288 Strip_x 0 Strip_y 0 Hieght 32 Width 32 END 

Layer 0 Tile 10 X 512 Y 320 Strip_x 0 Strip_y 0 Hieght 32 Width 32 END 

Layer 0 Tile 11 X 512 Y 352 Strip_x 0 Strip_y 0 Hieght 32 Width 32 END 

Layer 0 Tile 12 X 512 Y 384 Strip_x 0 Strip_y 0 Hieght 32 Width 32 END 

Layer 0 Tile 13 X 512 Y 416 Strip_x 0 Strip_y 0 Hieght 32 Width 32 END 

Layer 0 Tile 14 X 512 Y 448 Strip_x 0 Strip_y 0 Hieght 32 Width 32 END 

Layer 0 Tile 15 X 512 Y 480 Strip_x 0 Strip_y 0 Hieght 32 Width 32 END 

Layer 0 Tile 16 X 512 Y 512 Strip_x 0 Strip_y 0 Hieght 32 Width 32 END 

Layer 0 Tile 17 X 512 Y 544 Strip_x 0 Strip_y 0 Hieght 32 Width 32 END 

Layer 0 Tile 18 X 512 Y 576 Strip_x 0 Strip_y 0 Hieght 32 Width 32 END 

Layer 0 Tile 19 X 512 Y 608 Strip_x 0 Strip_y 0 Hieght 32 Width 32 END 


Layer 0 Tile 0 X 544 Y 0 Strip_x 0 Strip_y 0 Hieght 32 Width 32 END 

Layer 0 Tile 1 X 544 Y 32 Strip_x 0 Strip_y 0 Hieght 32 Width 32 END 

Layer 0 Tile 2 X 544 Y 64 Strip_x 0 Strip_y 0 Hieght 32 Width 32 END 

Layer 0 Tile 3 X 544 Y 96 Strip_x 0 Strip_y 0 Hieght 32 Width 32 END 

Layer 0 Tile 4 X 544 Y 128 Strip_x 0 Strip_y 0 Hieght 32 Width 32 END 

Layer 0 Tile 5 X 544 Y 160 Strip_x 0 Strip_y 0 Hieght 32 Width 32 END 

Layer 0 Tile 6 X 544 Y 192 Strip_x 0 Strip_y 0 Hieght 32 Width 32 END 

Layer 0 Tile 7 X 544 Y 224 Strip_x 0 Strip_y 0 Hieght 32 Width 32 END 

Layer 0 Tile 8 X 544 Y 256 Strip_x 0 Strip_y 0 Hieght 32 Width 32 END 

Layer 0 Tile 9 X 544 Y 288 Strip_x 0 Strip_y 0 Hieght 32 Width 32 END 

Layer 0 Tile 10 X 544 Y 320 Strip_x 0 Strip_y 0 Hieght 32 Width 32 END 

Layer 0 Tile 11 X 544 Y 352 Strip_x 0 Strip_y 0 Hieght 32 Width 32 END 

Layer 0 Tile 12 X 544 Y 384 Strip_x 0 Strip_y 0 Hieght 32 Width 32 END 

Layer 0 Tile 13 X 544 Y 416 Strip_x 0 Strip_y 0 Hieght 32 Width 32 END 

Layer 0 Tile 14 X 544 Y 448 Strip_x 0 Strip_y 0 Hieght 32 Width 32 END 

Layer 0 Tile 15 X 544 Y 480 Strip_x 0 Strip_y 0 Hieght 32 Width 32 END 

Layer 0 Tile 16 X 544 Y 512 Strip_x 0 Strip_y 0 Hieght 32 Width 32 END 

Layer 0 Tile 17 X 544 Y 544 Strip_x 0 Strip_y 0 Hieght 32 Width 32 END 

Layer 0 Tile 18 X 544 Y 576 Strip_x 0 Strip_y 0 Hieght 32 Width 32 END 

Layer 0 Tile 19 X 544 Y 608 Strip_x 0 Strip_y 0 Hieght 32 Width 32 END 


Layer 0 Tile 0 X 576 Y 0 Strip_x 0 Strip_y 0 Hieght 32 Width 32 END 

Layer 0 Tile 1 X 576 Y 32 Strip_x 0 Strip_y 0 Hieght 32 Width 32 END 

Layer 0 Tile 2 X 576 Y 64 Strip_x 0 Strip_y 0 Hieght 32 Width 32 END 

Layer 0 Tile 3 X 576 Y 96 Strip_x 0 Strip_y 0 Hieght 32 Width 32 END 

Layer 0 Tile 4 X 576 Y 128 Strip_x 0 Strip_y 0 Hieght 32 Width 32 END 

Layer 0 Tile 5 X 576 Y 160 Strip_x 0 Strip_y 0 Hieght 32 Width 32 END 

Layer 0 Tile 6 X 576 Y 192 Strip_x 0 Strip_y 0 Hieght 32 Width 32 END 

Layer 0 Tile 7 X 576 Y 224 Strip_x 0 Strip_y 0 Hieght 32 Width 32 END 

Layer 0 Tile 8 X 576 Y 256 Strip_x 0 Strip_y 0 Hieght 32 Width 32 END 

Layer 0 Tile 9 X 576 Y 288 Strip_x 0 Strip_y 0 Hieght 32 Width 32 END 

Layer 0 Tile 10 X 576 Y 320 Strip_x 0 Strip_y 0 Hieght 32 Width 32 END 

Layer 0 Tile 11 X 576 Y 352 Strip_x 0 Strip_y 0 Hieght 32 Width 32 END 

Layer 0 Tile 12 X 576 Y 384 Strip_x 0 Strip_y 0 Hieght 32 Width 32 END 

Layer 0 Tile 13 X 576 Y 416 Strip_x 0 Strip_y 0 Hieght 32 Width 32 END 

Layer 0 Tile 14 X 576 Y 448 Strip_x 0 Strip_y 0 Hieght 32 Width 32 END 

Layer 0 Tile 15 X 576 Y 480 Strip_x 0 Strip_y 0 Hieght 32 Width 32 END 

Layer 0 Tile 16 X 576 Y 512 Strip_x 0 Strip_y 0 Hieght 32 Width 32 END 

Layer 0 Tile 17 X 576 Y 544 Strip_x 0 Strip_y 0 Hieght 32 Width 32 END 

Layer 0 Tile 18 X 576 Y 576 Strip_x 0 Strip_y 0 Hieght 32 Width 32 END 

Layer 0 Tile 19 X 576 Y 608 Strip_x 0 Strip_y 0 Hieght 32 Width 32 END 


Layer 0 Tile 0 X 608 Y 0 Strip_x 0 Strip_y 0 Hieght 32 Width 32 END 

Layer 0 Tile 1 X 608 Y 32 Strip_x 0 Strip_y 0 Hieght 32 Width 32 END 

Layer 0 Tile 2 X 608 Y 64 Strip_x 0 Strip_y 0 Hieght 32 Width 32 END 

Layer 0 Tile 3 X 608 Y 96 Strip_x 0 Strip_y 0 Hieght 32 Width 32 END 

Layer 0 Tile 4 X 608 Y 128 Strip_x 0 Strip_y 0 Hieght 32 Width 32 END 

Layer 0 Tile 5 X 608 Y 160 Strip_x 0 Strip_y 0 Hieght 32 Width 32 END 

Layer 0 Tile 6 X 608 Y 192 Strip_x 0 Strip_y 0 Hieght 32 Width 32 END 

Layer 0 Tile 7 X 608 Y 224 Strip_x 0 Strip_y 0 Hieght 32 Width 32 END 

Layer 0 Tile 8 X 608 Y 256 Strip_x 0 Strip_y 0 Hieght 32 Width 32 END 

Layer 0 Tile 9 X 608 Y 288 Strip_x 0 Strip_y 0 Hieght 32 Width 32 END 

Layer 0 Tile 10 X 608 Y 320 Strip_x 0 Strip_y 0 Hieght 32 Width 32 END 

Layer 0 Tile 11 X 608 Y 352 Strip_x 0 Strip_y 0 Hieght 32 Width 32 END 

Layer 0 Tile 12 X 608 Y 384 Strip_x 0 Strip_y 0 Hieght 32 Width 32 END 

Layer 0 Tile 13 X 608 Y 416 Strip_x 0 Strip_y 0 Hieght 32 Width 32 END 

Layer 0 Tile 14 X 608 Y 448 Strip_x 0 Strip_y 0 Hieght 32 Width 32 END 

Layer 0 Tile 15 X 608 Y 480 Strip_x 0 Strip_y 0 Hieght 32 Width 32 END 

Layer 0 Tile 16 X 608 Y 512 Strip_x 0 Strip_y 0 Hieght 32 Width 32 END 

Layer 0 Tile 17 X 608 Y 544 Strip_x 0 Strip_y 0 Hieght 32 Width 32 END 

Layer 0 Tile 18 X 608 Y 576 Strip_x 0 Strip_y 0 Hieght 32 Width 32 END 

Layer 0 Tile 19 X 608 Y 608 Strip_x 0 Strip_y 0 Hieght 32 Width 32 END 



 
 
Layer 1 Tile 0 X 0 Y 0 Strip_x 32 Strip_y 0 Hieght 32 Width 32 END 

Layer 1 Tile 1 X 0 Y 32 Strip_x 32 Strip_y 0 Hieght 32 Width 32 END 

Layer 1 Tile 2 X 0 Y 64 Strip_x 32 Strip_y 0 Hieght 32 Width 32 END 

Layer 1 Tile 3 X 0 Y 96 Strip_x 32 Strip_y 0 Hieght 32 Width 32 END 

Layer 1 Tile 4 X 0 Y 128 Strip_x 32 Strip_y 0 Hieght 32 Width 32 END 

Layer 1 Tile 5 X 0 Y 160 Strip_x 32 Strip_y 0 Hieght 32 Width 32 END 

Layer 1 Tile 6 X 0 Y 192 Strip_x 32 Strip_y 0 Hieght 32 Width 32 END 

Layer 1 Tile 7 X 0 Y 224 Strip_x 32 Strip_y 0 Hieght 32 Width 32 END 

Layer 1 Tile 8 X 0 Y 256 Strip_x 32 Strip_y 0 Hieght 32 Width 32 END 

Layer 1 Tile 9 X 0 Y 288 Strip_x 32 Strip_y 0 Hieght 32 Width 32 END 

Layer 1 Tile 10 X 0 Y 320 Strip_x 32 Strip_y 0 Hieght 32 Width 32 END 

Layer 1 Tile 11 X 0 Y 352 Strip_x 32 Strip_y 0 Hieght 32 Width 32 END 

Layer 1 Tile 12 X 0 Y 384 Strip_x 32 Strip_y 0 Hieght 32 Width 32 END 

Layer 1 Tile 13 X 0 Y 416 Strip_x 32 Strip_y 0 Hieght 32 Width 32 END 

Layer 1 Tile 14 X 0 Y 448 Strip_x 32 Strip_y 0 Hieght 32 Width 32 END 

Layer 1 Tile 15 X 0 Y 480 Strip_x 32 Strip_y 0 Hieght 32 Width 32 END 

Layer 1 Tile 16 X 0 Y 512 Strip_x 32 Strip_y 0 Hieght 32 Width 32 END 

Layer 1 Tile 17 X 0 Y 544 Strip_x 32 Strip_y 0 Hieght 32 Width 32 END 

Layer 1 Tile 18 X 0 Y 576 Strip_x 32 Strip_y 0 Hieght 32 Width 32 END 

Layer 1 Tile 19 X 0 Y 608 Strip_x 32 Strip_y 0 Hieght 32 Width 32 END 


Layer 1 Tile 0 X 32 Y 0 Strip_x 32 Strip_y 0 Hieght 32 Width 32 END 

Layer 1 Tile 1 X 32 Y 32 Strip_x 32 Strip_y 0 Hieght 32 Width 32 END 

Layer 1 Tile 2 X 32 Y 64 Strip_x 32 Strip_y 0 Hieght 32 Width 32 END 

Layer 1 Tile 3 X 32 Y 96 Strip_x 32 Strip_y 0 Hieght 32 Width 32 END 

Layer 1 Tile 4 X 32 Y 128 Strip_x 32 Strip_y 0 Hieght 32 Width 32 END 

Layer 1 Tile 5 X 32 Y 160 Strip_x 32 Strip_y 0 Hieght 32 Width 32 END 

Layer 1 Tile 6 X 32 Y 192 Strip_x 32 Strip_y 0 Hieght 32 Width 32 END 

Layer 1 Tile 7 X 32 Y 224 Strip_x 32 Strip_y 0 Hieght 32 Width 32 END 

Layer 1 Tile 8 X 32 Y 256 Strip_x 32 Strip_y 0 Hieght 32 Width 32 END 

Layer 1 Tile 9 X 32 Y 288 Strip_x 32 Strip_y 0 Hieght 32 Width 32 END 

Layer 1 Tile 10 X 32 Y 320 Strip_x 32 Strip_y 0 Hieght 32 Width 32 END 

Layer 1 Tile 11 X 32 Y 352 Strip_x 32 Strip_y 0 Hieght 32 Width 32 END 

Layer 1 Tile 12 X 32 Y 384 Strip_x 32 Strip_y 0 Hieght 32 Width 32 END 

Layer 1 Tile 13 X 32 Y 416 Strip_x 32 Strip_y 0 Hieght 32 Width 32 END 

Layer 1 Tile 14 X 32 Y 448 Strip_x 32 Strip_y 0 Hieght 32 Width 32 END 

Layer 1 Tile 15 X 32 Y 480 Strip_x 32 Strip_y 0 Hieght 32 Width 32 END 

Layer 1 Tile 16 X 32 Y 512 Strip_x 32 Strip_y 0 Hieght 32 Width 32 END 

Layer 1 Tile 17 X 32 Y 544 Strip_x 32 Strip_y 0 Hieght 32 Width 32 END 

Layer 1 Tile 18 X 32 Y 576 Strip_x 32 Strip_y 0 Hieght 32 Width 32 END 

Layer 1 Tile 19 X 32 Y 608 Strip_x 32 Strip_y 0 Hieght 32 Width 32 END 


Layer 1 Tile 0 X 64 Y 0 Strip_x 32 Strip_y 0 Hieght 32 Width 32 END 

Layer 1 Tile 1 X 64 Y 32 Strip_x 32 Strip_y 0 Hieght 32 Width 32 END 

Layer 1 Tile 2 X 64 Y 64 Strip_x 32 Strip_y 0 Hieght 32 Width 32 END 

Layer 1 Tile 3 X 64 Y 96 Strip_x 32 Strip_y 0 Hieght 32 Width 32 END 

Layer 1 Tile 4 X 64 Y 128 Strip_x 32 Strip_y 0 Hieght 32 Width 32 END 

Layer 1 Tile 5 X 64 Y 160 Strip_x 32 Strip_y 0 Hieght 32 Width 32 END 

Layer 1 Tile 6 X 64 Y 192 Strip_x 32 Strip_y 0 Hieght 32 Width 32 END 

Layer 1 Tile 7 X 64 Y 224 Strip_x 32 Strip_y 0 Hieght 32 Width 32 END 

Layer 1 Tile 8 X 64 Y 256 Strip_x 32 Strip_y 0 Hieght 32 Width 32 END 

Layer 1 Tile 9 X 64 Y 288 Strip_x 32 Strip_y 0 Hieght 32 Width 32 END 

Layer 1 Tile 10 X 64 Y 320 Strip_x 32 Strip_y 0 Hieght 32 Width 32 END 

Layer 1 Tile 11 X 64 Y 352 Strip_x 32 Strip_y 0 Hieght 32 Width 32 END 

Layer 1 Tile 12 X 64 Y 384 Strip_x 32 Strip_y 0 Hieght 32 Width 32 END 

Layer 1 Tile 13 X 64 Y 416 Strip_x 32 Strip_y 0 Hieght 32 Width 32 END 

Layer 1 Tile 14 X 64 Y 448 Strip_x 32 Strip_y 0 Hieght 32 Width 32 END 

Layer 1 Tile 15 X 64 Y 480 Strip_x 32 Strip_y 0 Hieght 32 Width 32 END 

Layer 1 Tile 16 X 64 Y 512 Strip_x 32 Strip_y 0 Hieght 32 Width 32 END 

Layer 1 Tile 17 X 64 Y 544 Strip_x 32 Strip_y 0 Hieght 32 Width 32 END 

Layer 1 Tile 18 X 64 Y 576 Strip_x 32 Strip_y 0 Hieght 32 Width 32 END 

Layer 1 Tile 19 X 64 Y 608 Strip_x 32 Strip_y 0 Hieght 32 Width 32 END 


Layer 1 Tile 0 X 96 Y 0 Strip_x 32 Strip_y 0 Hieght 32 Width 32 END 

Layer 1 Tile 1 X 96 Y 32 Strip_x 32 Strip_y 0 Hieght 32 Width 32 END 

Layer 1 Tile 2 X 96 Y 64 Strip_x 32 Strip_y 0 Hieght 32 Width 32 END 

Layer 1 Tile 3 X 96 Y 96 Strip_x 32 Strip_y 0 Hieght 32 Width 32 END 

Layer 1 Tile 4 X 96 Y 128 Strip_x 32 Strip_y 0 Hieght 32 Width 32 END 

Layer 1 Tile 5 X 96 Y 160 Strip_x 32 Strip_y 0 Hieght 32 Width 32 END 

Layer 1 Tile 6 X 96 Y 192 Strip_x 32 Strip_y 0 Hieght 32 Width 32 END 

Layer 1 Tile 7 X 96 Y 224 Strip_x 32 Strip_y 0 Hieght 32 Width 32 END 

Layer 1 Tile 8 X 96 Y 256 Strip_x 32 Strip_y 0 Hieght 32 Width 32 END 

Layer 1 Tile 9 X 96 Y 288 Strip_x 32 Strip_y 0 Hieght 32 Width 32 END 

Layer 1 Tile 10 X 96 Y 320 Strip_x 32 Strip_y 0 Hieght 32 Width 32 END 

Layer 1 Tile 11 X 96 Y 352 Strip_x 32 Strip_y 0 Hieght 32 Width 32 END 

Layer 1 Tile 12 X 96 Y 384 Strip_x 32 Strip_y 0 Hieght 32 Width 32 END 

Layer 1 Tile 13 X 96 Y 416 Strip_x 32 Strip_y 0 Hieght 32 Width 32 END 

Layer 1 Tile 14 X 96 Y 448 Strip_x 32 Strip_y 0 Hieght 32 Width 32 END 

Layer 1 Tile 15 X 96 Y 480 Strip_x 32 Strip_y 0 Hieght 32 Width 32 END 

Layer 1 Tile 16 X 96 Y 512 Strip_x 32 Strip_y 0 Hieght 32 Width 32 END 

Layer 1 Tile 17 X 96 Y 544 Strip_x 32 Strip_y 0 Hieght 32 Width 32 END 

Layer 1 Tile 18 X 96 Y 576 Strip_x 32 Strip_y 0 Hieght 32 Width 32 END 

Layer 1 Tile 19 X 96 Y 608 Strip_x 32 Strip_y 0 Hieght 32 Width 32 END 


Layer 1 Tile 0 X 128 Y 0 Strip_x 32 Strip_y 0 Hieght 32 Width 32 END 

Layer 1 Tile 1 X 128 Y 32 Strip_x 32 Strip_y 0 Hieght 32 Width 32 END 

Layer 1 Tile 2 X 128 Y 64 Strip_x 32 Strip_y 0 Hieght 32 Width 32 END 

Layer 1 Tile 3 X 128 Y 96 Strip_x 32 Strip_y 0 Hieght 32 Width 32 END 

Layer 1 Tile 4 X 128 Y 128 Strip_x 32 Strip_y 0 Hieght 32 Width 32 END 

Layer 1 Tile 5 X 128 Y 160 Strip_x 32 Strip_y 0 Hieght 32 Width 32 END 

Layer 1 Tile 6 X 128 Y 192 Strip_x 32 Strip_y 0 Hieght 32 Width 32 END 

Layer 1 Tile 7 X 128 Y 224 Strip_x 32 Strip_y 0 Hieght 32 Width 32 END 

Layer 1 Tile 8 X 128 Y 256 Strip_x 32 Strip_y 0 Hieght 32 Width 32 END 

Layer 1 Tile 9 X 128 Y 288 Strip_x 32 Strip_y 0 Hieght 32 Width 32 END 

Layer 1 Tile 10 X 128 Y 320 Strip_x 32 Strip_y 0 Hieght 32 Width 32 END 

Layer 1 Tile 11 X 128 Y 352 Strip_x 32 Strip_y 0 Hieght 32 Width 32 END 

Layer 1 Tile 12 X 128 Y 384 Strip_x 32 Strip_y 0 Hieght 32 Width 32 END 

Layer 1 Tile 13 X 128 Y 416 Strip_x 32 Strip_y 0 Hieght 32 Width 32 END 

Layer 1 Tile 14 X 128 Y 448 Strip_x 32 Strip_y 0 Hieght 32 Width 32 END 

Layer 1 Tile 15 X 128 Y 480 Strip_x 32 Strip_y 0 Hieght 32 Width 32 END 

Layer 1 Tile 16 X 128 Y 512 Strip_x 32 Strip_y 0 Hieght 32 Width 32 END 

Layer 1 Tile 17 X 128 Y 544 Strip_x 32 Strip_y 0 Hieght 32 Width 32 END 

Layer 1 Tile 18 X 128 Y 576 Strip_x 32 Strip_y 0 Hieght 32 Width 32 END 

Layer 1 Tile 19 X 128 Y 608 Strip_x 32 Strip_y 0 Hieght 32 Width 32 END 


Layer 1 Tile 0 X 160 Y 0 Strip_x 32 Strip_y 0 Hieght 32 Width 32 END 

Layer 1 Tile 1 X 160 Y 32 Strip_x 32 Strip_y 0 Hieght 32 Width 32 END 

Layer 1 Tile 2 X 160 Y 64 Strip_x 32 Strip_y 0 Hieght 32 Width 32 END 

Layer 1 Tile 3 X 160 Y 96 Strip_x 32 Strip_y 0 Hieght 32 Width 32 END 

Layer 1 Tile 4 X 160 Y 128 Strip_x 32 Strip_y 0 Hieght 32 Width 32 END 

Layer 1 Tile 5 X 160 Y 160 Strip_x 32 Strip_y 0 Hieght 32 Width 32 END 

Layer 1 Tile 6 X 160 Y 192 Strip_x 32 Strip_y 0 Hieght 32 Width 32 END 

Layer 1 Tile 7 X 160 Y 224 Strip_x 32 Strip_y 0 Hieght 32 Width 32 END 

Layer 1 Tile 8 X 160 Y 256 Strip_x 32 Strip_y 0 Hieght 32 Width 32 END 

Layer 1 Tile 9 X 160 Y 288 Strip_x 32 Strip_y 0 Hieght 32 Width 32 END 

Layer 1 Tile 10 X 160 Y 320 Strip_x 32 Strip_y 0 Hieght 32 Width 32 END 

Layer 1 Tile 11 X 160 Y 352 Strip_x 32 Strip_y 0 Hieght 32 Width 32 END 

Layer 1 Tile 12 X 160 Y 384 Strip_x 32 Strip_y 0 Hieght 32 Width 32 END 

Layer 1 Tile 13 X 160 Y 416 Strip_x 32 Strip_y 0 Hieght 32 Width 32 END 

Layer 1 Tile 14 X 160 Y 448 Strip_x 32 Strip_y 0 Hieght 32 Width 32 END 

Layer 1 Tile 15 X 160 Y 480 Strip_x 32 Strip_y 0 Hieght 32 Width 32 END 

Layer 1 Tile 16 X 160 Y 512 Strip_x 32 Strip_y 0 Hieght 32 Width 32 END 

Layer 1 Tile 17 X 160 Y 544 Strip_x 32 Strip_y 0 Hieght 32 Width 32 END 

Layer 1 Tile 18 X 160 Y 576 Strip_x 32 Strip_y 0 Hieght 32 Width 32 END 

Layer 1 Tile 19 X 160 Y 608 Strip_x 32 Strip_y 0 Hieght 32 Width 32 END 


Layer 1 Tile 0 X 192 Y 0 Strip_x 32 Strip_y 0 Hieght 32 Width 32 END 

Layer 1 Tile 1 X 192 Y 32 Strip_x 32 Strip_y 0 Hieght 32 Width 32 END 

Layer 1 Tile 2 X 192 Y 64 Strip_x 32 Strip_y 0 Hieght 32 Width 32 END 

Layer 1 Tile 3 X 192 Y 96 Strip_x 32 Strip_y 0 Hieght 32 Width 32 END 

Layer 1 Tile 4 X 192 Y 128 Strip_x 32 Strip_y 0 Hieght 32 Width 32 END 

Layer 1 Tile 5 X 192 Y 160 Strip_x 32 Strip_y 0 Hieght 32 Width 32 END 

Layer 1 Tile 6 X 192 Y 192 Strip_x 32 Strip_y 0 Hieght 32 Width 32 END 

Layer 1 Tile 7 X 192 Y 224 Strip_x 32 Strip_y 0 Hieght 32 Width 32 END 

Layer 1 Tile 8 X 192 Y 256 Strip_x 32 Strip_y 0 Hieght 32 Width 32 END 

Layer 1 Tile 9 X 192 Y 288 Strip_x 32 Strip_y 0 Hieght 32 Width 32 END 

Layer 1 Tile 10 X 192 Y 320 Strip_x 32 Strip_y 0 Hieght 32 Width 32 END 

Layer 1 Tile 11 X 192 Y 352 Strip_x 32 Strip_y 0 Hieght 32 Width 32 END 

Layer 1 Tile 12 X 192 Y 384 Strip_x 32 Strip_y 0 Hieght 32 Width 32 END 

Layer 1 Tile 13 X 192 Y 416 Strip_x 32 Strip_y 0 Hieght 32 Width 32 END 

Layer 1 Tile 14 X 192 Y 448 Strip_x 32 Strip_y 0 Hieght 32 Width 32 END 

Layer 1 Tile 15 X 192 Y 480 Strip_x 32 Strip_y 0 Hieght 32 Width 32 END 

Layer 1 Tile 16 X 192 Y 512 Strip_x 32 Strip_y 0 Hieght 32 Width 32 END 

Layer 1 Tile 17 X 192 Y 544 Strip_x 32 Strip_y 0 Hieght 32 Width 32 END 

Layer 1 Tile 18 X 192 Y 576 Strip_x 32 Strip_y 0 Hieght 32 Width 32 END 

Layer 1 Tile 19 X 192 Y 608 Strip_x 32 Strip_y 0 Hieght 32 Width 32 END 


Layer 1 Tile 0 X 224 Y 0 Strip_x 32 Strip_y 0 Hieght 32 Width 32 END 

Layer 1 Tile 1 X 224 Y 32 Strip_x 32 Strip_y 0 Hieght 32 Width 32 END 

Layer 1 Tile 2 X 224 Y 64 Strip_x 32 Strip_y 0 Hieght 32 Width 32 END 

Layer 1 Tile 3 X 224 Y 96 Strip_x 32 Strip_y 0 Hieght 32 Width 32 END 

Layer 1 Tile 4 X 224 Y 128 Strip_x 32 Strip_y 0 Hieght 32 Width 32 END 

Layer 1 Tile 5 X 224 Y 160 Strip_x 32 Strip_y 0 Hieght 32 Width 32 END 

Layer 1 Tile 6 X 224 Y 192 Strip_x 32 Strip_y 0 Hieght 32 Width 32 END 

Layer 1 Tile 7 X 224 Y 224 Strip_x 32 Strip_y 0 Hieght 32 Width 32 END 

Layer 1 Tile 8 X 224 Y 256 Strip_x 32 Strip_y 0 Hieght 32 Width 32 END 

Layer 1 Tile 9 X 224 Y 288 Strip_x 32 Strip_y 0 Hieght 32 Width 32 END 

Layer 1 Tile 10 X 224 Y 320 Strip_x 32 Strip_y 0 Hieght 32 Width 32 END 

Layer 1 Tile 11 X 224 Y 352 Strip_x 32 Strip_y 0 Hieght 32 Width 32 END 

Layer 1 Tile 12 X 224 Y 384 Strip_x 32 Strip_y 0 Hieght 32 Width 32 END 

Layer 1 Tile 13 X 224 Y 416 Strip_x 32 Strip_y 0 Hieght 32 Width 32 END 

Layer 1 Tile 14 X 224 Y 448 Strip_x 32 Strip_y 0 Hieght 32 Width 32 END 

Layer 1 Tile 15 X 224 Y 480 Strip_x 32 Strip_y 0 Hieght 32 Width 32 END 

Layer 1 Tile 16 X 224 Y 512 Strip_x 32 Strip_y 0 Hieght 32 Width 32 END 

Layer 1 Tile 17 X 224 Y 544 Strip_x 32 Strip_y 0 Hieght 32 Width 32 END 

Layer 1 Tile 18 X 224 Y 576 Strip_x 32 Strip_y 0 Hieght 32 Width 32 END 

Layer 1 Tile 19 X 224 Y 608 Strip_x 32 Strip_y 0 Hieght 32 Width 32 END 


Layer 1 Tile 0 X 256 Y 0 Strip_x 32 Strip_y 0 Hieght 32 Width 32 END 

Layer 1 Tile 1 X 256 Y 32 Strip_x 32 Strip_y 0 Hieght 32 Width 32 END 

Layer 1 Tile 2 X 256 Y 64 Strip_x 32 Strip_y 0 Hieght 32 Width 32 END 

Layer 1 Tile 3 X 256 Y 96 Strip_x 32 Strip_y 0 Hieght 32 Width 32 END 

Layer 1 Tile 4 X 256 Y 128 Strip_x 32 Strip_y 0 Hieght 32 Width 32 END 

Layer 1 Tile 5 X 256 Y 160 Strip_x 32 Strip_y 0 Hieght 32 Width 32 END 

Layer 1 Tile 6 X 256 Y 192 Strip_x 32 Strip_y 0 Hieght 32 Width 32 END 

Layer 1 Tile 7 X 256 Y 224 Strip_x 32 Strip_y 0 Hieght 32 Width 32 END 

Layer 1 Tile 8 X 256 Y 256 Strip_x 32 Strip_y 0 Hieght 32 Width 32 END 

Layer 1 Tile 9 X 256 Y 288 Strip_x 32 Strip_y 0 Hieght 32 Width 32 END 

Layer 1 Tile 10 X 256 Y 320 Strip_x 32 Strip_y 0 Hieght 32 Width 32 END 

Layer 1 Tile 11 X 256 Y 352 Strip_x 32 Strip_y 0 Hieght 32 Width 32 END 

Layer 1 Tile 12 X 256 Y 384 Strip_x 32 Strip_y 0 Hieght 32 Width 32 END 

Layer 1 Tile 13 X 256 Y 416 Strip_x 32 Strip_y 0 Hieght 32 Width 32 END 

Layer 1 Tile 14 X 256 Y 448 Strip_x 32 Strip_y 0 Hieght 32 Width 32 END 

Layer 1 Tile 15 X 256 Y 480 Strip_x 32 Strip_y 0 Hieght 32 Width 32 END 

Layer 1 Tile 16 X 256 Y 512 Strip_x 32 Strip_y 0 Hieght 32 Width 32 END 

Layer 1 Tile 17 X 256 Y 544 Strip_x 32 Strip_y 0 Hieght 32 Width 32 END 

Layer 1 Tile 18 X 256 Y 576 Strip_x 32 Strip_y 0 Hieght 32 Width 32 END 

Layer 1 Tile 19 X 256 Y 608 Strip_x 32 Strip_y 0 Hieght 32 Width 32 END 


Layer 1 Tile 0 X 288 Y 0 Strip_x 32 Strip_y 0 Hieght 32 Width 32 END 

Layer 1 Tile 1 X 288 Y 32 Strip_x 32 Strip_y 0 Hieght 32 Width 32 END 

Layer 1 Tile 2 X 288 Y 64 Strip_x 32 Strip_y 0 Hieght 32 Width 32 END 

Layer 1 Tile 3 X 288 Y 96 Strip_x 32 Strip_y 0 Hieght 32 Width 32 END 

Layer 1 Tile 4 X 288 Y 128 Strip_x 32 Strip_y 0 Hieght 32 Width 32 END 

Layer 1 Tile 5 X 288 Y 160 Strip_x 32 Strip_y 0 Hieght 32 Width 32 END 

Layer 1 Tile 6 X 288 Y 192 Strip_x 32 Strip_y 0 Hieght 32 Width 32 END 

Layer 1 Tile 7 X 288 Y 224 Strip_x 32 Strip_y 0 Hieght 32 Width 32 END 

Layer 1 Tile 8 X 288 Y 256 Strip_x 32 Strip_y 0 Hieght 32 Width 32 END 

Layer 1 Tile 9 X 288 Y 288 Strip_x 32 Strip_y 0 Hieght 32 Width 32 END 

Layer 1 Tile 10 X 288 Y 320 Strip_x 32 Strip_y 0 Hieght 32 Width 32 END 

Layer 1 Tile 11 X 288 Y 352 Strip_x 32 Strip_y 0 Hieght 32 Width 32 END 

Layer 1 Tile 12 X 288 Y 384 Strip_x 32 Strip_y 0 Hieght 32 Width 32 END 

Layer 1 Tile 13 X 288 Y 416 Strip_x 32 Strip_y 0 Hieght 32 Width 32 END 

Layer 1 Tile 14 X 288 Y 448 Strip_x 32 Strip_y 0 Hieght 32 Width 32 END 

Layer 1 Tile 15 X 288 Y 480 Strip_x 32 Strip_y 0 Hieght 32 Width 32 END 

Layer 1 Tile 16 X 288 Y 512 Strip_x 32 Strip_y 0 Hieght 32 Width 32 END 

Layer 1 Tile 17 X 288 Y 544 Strip_x 32 Strip_y 0 Hieght 32 Width 32 END 

Layer 1 Tile 18 X 288 Y 576 Strip_x 32 Strip_y 0 Hieght 32 Width 32 END 

Layer 1 Tile 19 X 288 Y 608 Strip_x 32 Strip_y 0 Hieght 32 Width 32 END 


Layer 1 Tile 0 X 320 Y 0 Strip_x 32 Strip_y 0 Hieght 32 Width 32 END 

Layer 1 Tile 1 X 320 Y 32 Strip_x 32 Strip_y 0 Hieght 32 Width 32 END 

Layer 1 Tile 2 X 320 Y 64 Strip_x 32 Strip_y 0 Hieght 32 Width 32 END 

Layer 1 Tile 3 X 320 Y 96 Strip_x 32 Strip_y 0 Hieght 32 Width 32 END 

Layer 1 Tile 4 X 320 Y 128 Strip_x 32 Strip_y 0 Hieght 32 Width 32 END 

Layer 1 Tile 5 X 320 Y 160 Strip_x 32 Strip_y 0 Hieght 32 Width 32 END 

Layer 1 Tile 6 X 320 Y 192 Strip_x 32 Strip_y 0 Hieght 32 Width 32 END 

Layer 1 Tile 7 X 320 Y 224 Strip_x 32 Strip_y 0 Hieght 32 Width 32 END 

Layer 1 Tile 8 X 320 Y 256 Strip_x 32 Strip_y 0 Hieght 32 Width 32 END 

Layer 1 Tile 9 X 320 Y 288 Strip_x 32 Strip_y 0 Hieght 32 Width 32 END 

Layer 1 Tile 10 X 320 Y 320 Strip_x 32 Strip_y 0 Hieght 32 Width 32 END 

Layer 1 Tile 11 X 320 Y 352 Strip_x 32 Strip_y 0 Hieght 32 Width 32 END 

Layer 1 Tile 12 X 320 Y 384 Strip_x 32 Strip_y 0 Hieght 32 Width 32 END 

Layer 1 Tile 13 X 320 Y 416 Strip_x 32 Strip_y 0 Hieght 32 Width 32 END 

Layer 1 Tile 14 X 320 Y 448 Strip_x 32 Strip_y 0 Hieght 32 Width 32 END 

Layer 1 Tile 15 X 320 Y 480 Strip_x 32 Strip_y 0 Hieght 32 Width 32 END 

Layer 1 Tile 16 X 320 Y 512 Strip_x 32 Strip_y 0 Hieght 32 Width 32 END 

Layer 1 Tile 17 X 320 Y 544 Strip_x 32 Strip_y 0 Hieght 32 Width 32 END 

Layer 1 Tile 18 X 320 Y 576 Strip_x 32 Strip_y 0 Hieght 32 Width 32 END 

Layer 1 Tile 19 X 320 Y 608 Strip_x 32 Strip_y 0 Hieght 32 Width 32 END 


Layer 1 Tile 0 X 352 Y 0 Strip_x 32 Strip_y 0 Hieght 32 Width 32 END 

Layer 1 Tile 1 X 352 Y 32 Strip_x 32 Strip_y 0 Hieght 32 Width 32 END 

Layer 1 Tile 2 X 352 Y 64 Strip_x 32 Strip_y 0 Hieght 32 Width 32 END 

Layer 1 Tile 3 X 352 Y 96 Strip_x 32 Strip_y 0 Hieght 32 Width 32 END 

Layer 1 Tile 4 X 352 Y 128 Strip_x 32 Strip_y 0 Hieght 32 Width 32 END 

Layer 1 Tile 5 X 352 Y 160 Strip_x 32 Strip_y 0 Hieght 32 Width 32 END 

Layer 1 Tile 6 X 352 Y 192 Strip_x 32 Strip_y 0 Hieght 32 Width 32 END 

Layer 1 Tile 7 X 352 Y 224 Strip_x 32 Strip_y 0 Hieght 32 Width 32 END 

Layer 1 Tile 8 X 352 Y 256 Strip_x 32 Strip_y 0 Hieght 32 Width 32 END 

Layer 1 Tile 9 X 352 Y 288 Strip_x 32 Strip_y 0 Hieght 32 Width 32 END 

Layer 1 Tile 10 X 352 Y 320 Strip_x 32 Strip_y 0 Hieght 32 Width 32 END 

Layer 1 Tile 11 X 352 Y 352 Strip_x 32 Strip_y 0 Hieght 32 Width 32 END 

Layer 1 Tile 12 X 352 Y 384 Strip_x 32 Strip_y 0 Hieght 32 Width 32 END 

Layer 1 Tile 13 X 352 Y 416 Strip_x 32 Strip_y 0 Hieght 32 Width 32 END 

Layer 1 Tile 14 X 352 Y 448 Strip_x 32 Strip_y 0 Hieght 32 Width 32 END 

Layer 1 Tile 15 X 352 Y 480 Strip_x 32 Strip_y 0 Hieght 32 Width 32 END 

Layer 1 Tile 16 X 352 Y 512 Strip_x 32 Strip_y 0 Hieght 32 Width 32 END 

Layer 1 Tile 17 X 352 Y 544 Strip_x 32 Strip_y 0 Hieght 32 Width 32 END 

Layer 1 Tile 18 X 352 Y 576 Strip_x 32 Strip_y 0 Hieght 32 Width 32 END 

Layer 1 Tile 19 X 352 Y 608 Strip_x 32 Strip_y 0 Hieght 32 Width 32 END 


Layer 1 Tile 0 X 384 Y 0 Strip_x 32 Strip_y 0 Hieght 32 Width 32 END 

Layer 1 Tile 1 X 384 Y 32 Strip_x 32 Strip_y 0 Hieght 32 Width 32 END 

Layer 1 Tile 2 X 384 Y 64 Strip_x 32 Strip_y 0 Hieght 32 Width 32 END 

Layer 1 Tile 3 X 384 Y 96 Strip_x 32 Strip_y 0 Hieght 32 Width 32 END 

Layer 1 Tile 4 X 384 Y 128 Strip_x 32 Strip_y 0 Hieght 32 Width 32 END 

Layer 1 Tile 5 X 384 Y 160 Strip_x 32 Strip_y 0 Hieght 32 Width 32 END 

Layer 1 Tile 6 X 384 Y 192 Strip_x 32 Strip_y 0 Hieght 32 Width 32 END 

Layer 1 Tile 7 X 384 Y 224 Strip_x 32 Strip_y 0 Hieght 32 Width 32 END 

Layer 1 Tile 8 X 384 Y 256 Strip_x 32 Strip_y 0 Hieght 32 Width 32 END 

Layer 1 Tile 9 X 384 Y 288 Strip_x 32 Strip_y 0 Hieght 32 Width 32 END 

Layer 1 Tile 10 X 384 Y 320 Strip_x 32 Strip_y 0 Hieght 32 Width 32 END 

Layer 1 Tile 11 X 384 Y 352 Strip_x 32 Strip_y 0 Hieght 32 Width 32 END 

Layer 1 Tile 12 X 384 Y 384 Strip_x 32 Strip_y 0 Hieght 32 Width 32 END 

Layer 1 Tile 13 X 384 Y 416 Strip_x 32 Strip_y 0 Hieght 32 Width 32 END 

Layer 1 Tile 14 X 384 Y 448 Strip_x 32 Strip_y 0 Hieght 32 Width 32 END 

Layer 1 Tile 15 X 384 Y 480 Strip_x 32 Strip_y 0 Hieght 32 Width 32 END 

Layer 1 Tile 16 X 384 Y 512 Strip_x 32 Strip_y 0 Hieght 32 Width 32 END 

Layer 1 Tile 17 X 384 Y 544 Strip_x 32 Strip_y 0 Hieght 32 Width 32 END 

Layer 1 Tile 18 X 384 Y 576 Strip_x 32 Strip_y 0 Hieght 32 Width 32 END 

Layer 1 Tile 19 X 384 Y 608 Strip_x 32 Strip_y 0 Hieght 32 Width 32 END 


Layer 1 Tile 0 X 416 Y 0 Strip_x 32 Strip_y 0 Hieght 32 Width 32 END 

Layer 1 Tile 1 X 416 Y 32 Strip_x 32 Strip_y 0 Hieght 32 Width 32 END 

Layer 1 Tile 2 X 416 Y 64 Strip_x 32 Strip_y 0 Hieght 32 Width 32 END 

Layer 1 Tile 3 X 416 Y 96 Strip_x 32 Strip_y 0 Hieght 32 Width 32 END 

Layer 1 Tile 4 X 416 Y 128 Strip_x 32 Strip_y 0 Hieght 32 Width 32 END 

Layer 1 Tile 5 X 416 Y 160 Strip_x 32 Strip_y 0 Hieght 32 Width 32 END 

Layer 1 Tile 6 X 416 Y 192 Strip_x 32 Strip_y 0 Hieght 32 Width 32 END 

Layer 1 Tile 7 X 416 Y 224 Strip_x 32 Strip_y 0 Hieght 32 Width 32 END 

Layer 1 Tile 8 X 416 Y 256 Strip_x 32 Strip_y 0 Hieght 32 Width 32 END 

Layer 1 Tile 9 X 416 Y 288 Strip_x 32 Strip_y 0 Hieght 32 Width 32 END 

Layer 1 Tile 10 X 416 Y 320 Strip_x 32 Strip_y 0 Hieght 32 Width 32 END 

Layer 1 Tile 11 X 416 Y 352 Strip_x 32 Strip_y 0 Hieght 32 Width 32 END 

Layer 1 Tile 12 X 416 Y 384 Strip_x 32 Strip_y 0 Hieght 32 Width 32 END 

Layer 1 Tile 13 X 416 Y 416 Strip_x 32 Strip_y 0 Hieght 32 Width 32 END 

Layer 1 Tile 14 X 416 Y 448 Strip_x 32 Strip_y 0 Hieght 32 Width 32 END 

Layer 1 Tile 15 X 416 Y 480 Strip_x 32 Strip_y 0 Hieght 32 Width 32 END 

Layer 1 Tile 16 X 416 Y 512 Strip_x 32 Strip_y 0 Hieght 32 Width 32 END 

Layer 1 Tile 17 X 416 Y 544 Strip_x 32 Strip_y 0 Hieght 32 Width 32 END 

Layer 1 Tile 18 X 416 Y 576 Strip_x 32 Strip_y 0 Hieght 32 Width 32 END 

Layer 1 Tile 19 X 416 Y 608 Strip_x 32 Strip_y 0 Hieght 32 Width 32 END 


Layer 1 Tile 0 X 448 Y 0 Strip_x 32 Strip_y 0 Hieght 32 Width 32 END 

Layer 1 Tile 1 X 448 Y 32 Strip_x 32 Strip_y 0 Hieght 32 Width 32 END 

Layer 1 Tile 2 X 448 Y 64 Strip_x 32 Strip_y 0 Hieght 32 Width 32 END 

Layer 1 Tile 3 X 448 Y 96 Strip_x 32 Strip_y 0 Hieght 32 Width 32 END 

Layer 1 Tile 4 X 448 Y 128 Strip_x 32 Strip_y 0 Hieght 32 Width 32 END 

Layer 1 Tile 5 X 448 Y 160 Strip_x 32 Strip_y 0 Hieght 32 Width 32 END 

Layer 1 Tile 6 X 448 Y 192 Strip_x 32 Strip_y 0 Hieght 32 Width 32 END 

Layer 1 Tile 7 X 448 Y 224 Strip_x 32 Strip_y 0 Hieght 32 Width 32 END 

Layer 1 Tile 8 X 448 Y 256 Strip_x 32 Strip_y 0 Hieght 32 Width 32 END 

Layer 1 Tile 9 X 448 Y 288 Strip_x 32 Strip_y 0 Hieght 32 Width 32 END 

Layer 1 Tile 10 X 448 Y 320 Strip_x 32 Strip_y 0 Hieght 32 Width 32 END 

Layer 1 Tile 11 X 448 Y 352 Strip_x 32 Strip_y 0 Hieght 32 Width 32 END 

Layer 1 Tile 12 X 448 Y 384 Strip_x 32 Strip_y 0 Hieght 32 Width 32 END 

Layer 1 Tile 13 X 448 Y 416 Strip_x 32 Strip_y 0 Hieght 32 Width 32 END 

Layer 1 Tile 14 X 448 Y 448 Strip_x 32 Strip_y 0 Hieght 32 Width 32 END 

Layer 1 Tile 15 X 448 Y 480 Strip_x 32 Strip_y 0 Hieght 32 Width 32 END 

Layer 1 Tile 16 X 448 Y 512 Strip_x 32 Strip_y 0 Hieght 32 Width 32 END 

Layer 1 Tile 17 X 448 Y 544 Strip_x 32 Strip_y 0 Hieght 32 Width 32 END 

Layer 1 Tile 18 X 448 Y 576 Strip_x 32 Strip_y 0 Hieght 32 Width 32 END 

Layer 1 Tile 19 X 448 Y 608 Strip_x 32 Strip_y 0 Hieght 32 Width 32 END 


Layer 1 Tile 0 X 480 Y 0 Strip_x 32 Strip_y 0 Hieght 32 Width 32 END 

Layer 1 Tile 1 X 480 Y 32 Strip_x 32 Strip_y 0 Hieght 32 Width 32 END 

Layer 1 Tile 2 X 480 Y 64 Strip_x 32 Strip_y 0 Hieght 32 Width 32 END 

Layer 1 Tile 3 X 480 Y 96 Strip_x 32 Strip_y 0 Hieght 32 Width 32 END 

Layer 1 Tile 4 X 480 Y 128 Strip_x 32 Strip_y 0 Hieght 32 Width 32 END 

Layer 1 Tile 5 X 480 Y 160 Strip_x 32 Strip_y 0 Hieght 32 Width 32 END 

Layer 1 Tile 6 X 480 Y 192 Strip_x 32 Strip_y 0 Hieght 32 Width 32 END 

Layer 1 Tile 7 X 480 Y 224 Strip_x 32 Strip_y 0 Hieght 32 Width 32 END 

Layer 1 Tile 8 X 480 Y 256 Strip_x 32 Strip_y 0 Hieght 32 Width 32 END 

Layer 1 Tile 9 X 480 Y 288 Strip_x 32 Strip_y 0 Hieght 32 Width 32 END 

Layer 1 Tile 10 X 480 Y 320 Strip_x 32 Strip_y 0 Hieght 32 Width 32 END 

Layer 1 Tile 11 X 480 Y 352 Strip_x 32 Strip_y 0 Hieght 32 Width 32 END 

Layer 1 Tile 12 X 480 Y 384 Strip_x 32 Strip_y 0 Hieght 32 Width 32 END 

Layer 1 Tile 13 X 480 Y 416 Strip_x 32 Strip_y 0 Hieght 32 Width 32 END 

Layer 1 Tile 14 X 480 Y 448 Strip_x 32 Strip_y 0 Hieght 32 Width 32 END 

Layer 1 Tile 15 X 480 Y 480 Strip_x 32 Strip_y 0 Hieght 32 Width 32 END 

Layer 1 Tile 16 X 480 Y 512 Strip_x 32 Strip_y 0 Hieght 32 Width 32 END 

Layer 1 Tile 17 X 480 Y 544 Strip_x 32 Strip_y 0 Hieght 32 Width 32 END 

Layer 1 Tile 18 X 480 Y 576 Strip_x 32 Strip_y 0 Hieght 32 Width 32 END 

Layer 1 Tile 19 X 480 Y 608 Strip_x 32 Strip_y 0 Hieght 32 Width 32 END 


Layer 1 Tile 0 X 512 Y 0 Strip_x 32 Strip_y 0 Hieght 32 Width 32 END 

Layer 1 Tile 1 X 512 Y 32 Strip_x 32 Strip_y 0 Hieght 32 Width 32 END 

Layer 1 Tile 2 X 512 Y 64 Strip_x 32 Strip_y 0 Hieght 32 Width 32 END 

Layer 1 Tile 3 X 512 Y 96 Strip_x 32 Strip_y 0 Hieght 32 Width 32 END 

Layer 1 Tile 4 X 512 Y 128 Strip_x 32 Strip_y 0 Hieght 32 Width 32 END 

Layer 1 Tile 5 X 512 Y 160 Strip_x 32 Strip_y 0 Hieght 32 Width 32 END 

Layer 1 Tile 6 X 512 Y 192 Strip_x 32 Strip_y 0 Hieght 32 Width 32 END 

Layer 1 Tile 7 X 512 Y 224 Strip_x 32 Strip_y 0 Hieght 32 Width 32 END 

Layer 1 Tile 8 X 512 Y 256 Strip_x 32 Strip_y 0 Hieght 32 Width 32 END 

Layer 1 Tile 9 X 512 Y 288 Strip_x 32 Strip_y 0 Hieght 32 Width 32 END 

Layer 1 Tile 10 X 512 Y 320 Strip_x 32 Strip_y 0 Hieght 32 Width 32 END 

Layer 1 Tile 11 X 512 Y 352 Strip_x 32 Strip_y 0 Hieght 32 Width 32 END 

Layer 1 Tile 12 X 512 Y 384 Strip_x 32 Strip_y 0 Hieght 32 Width 32 END 

Layer 1 Tile 13 X 512 Y 416 Strip_x 32 Strip_y 0 Hieght 32 Width 32 END 

Layer 1 Tile 14 X 512 Y 448 Strip_x 32 Strip_y 0 Hieght 32 Width 32 END 

Layer 1 Tile 15 X 512 Y 480 Strip_x 32 Strip_y 0 Hieght 32 Width 32 END 

Layer 1 Tile 16 X 512 Y 512 Strip_x 32 Strip_y 0 Hieght 32 Width 32 END 

Layer 1 Tile 17 X 512 Y 544 Strip_x 32 Strip_y 0 Hieght 32 Width 32 END 

Layer 1 Tile 18 X 512 Y 576 Strip_x 32 Strip_y 0 Hieght 32 Width 32 END 

Layer 1 Tile 19 X 512 Y 608 Strip_x 32 Strip_y 0 Hieght 32 Width 32 END 


Layer 1 Tile 0 X 544 Y 0 Strip_x 32 Strip_y 0 Hieght 32 Width 32 END 

Layer 1 Tile 1 X 544 Y 32 Strip_x 32 Strip_y 0 Hieght 32 Width 32 END 

Layer 1 Tile 2 X 544 Y 64 Strip_x 32 Strip_y 0 Hieght 32 Width 32 END 

Layer 1 Tile 3 X 544 Y 96 Strip_x 32 Strip_y 0 Hieght 32 Width 32 END 

Layer 1 Tile 4 X 544 Y 128 Strip_x 32 Strip_y 0 Hieght 32 Width 32 END 

Layer 1 Tile 5 X 544 Y 160 Strip_x 32 Strip_y 0 Hieght 32 Width 32 END 

Layer 1 Tile 6 X 544 Y 192 Strip_x 32 Strip_y 0 Hieght 32 Width 32 END 

Layer 1 Tile 7 X 544 Y 224 Strip_x 32 Strip_y 0 Hieght 32 Width 32 END 

Layer 1 Tile 8 X 544 Y 256 Strip_x 32 Strip_y 0 Hieght 32 Width 32 END 

Layer 1 Tile 9 X 544 Y 288 Strip_x 32 Strip_y 0 Hieght 32 Width 32 END 

Layer 1 Tile 10 X 544 Y 320 Strip_x 32 Strip_y 0 Hieght 32 Width 32 END 

Layer 1 Tile 11 X 544 Y 352 Strip_x 32 Strip_y 0 Hieght 32 Width 32 END 

Layer 1 Tile 12 X 544 Y 384 Strip_x 32 Strip_y 0 Hieght 32 Width 32 END 

Layer 1 Tile 13 X 544 Y 416 Strip_x 32 Strip_y 0 Hieght 32 Width 32 END 

Layer 1 Tile 14 X 544 Y 448 Strip_x 32 Strip_y 0 Hieght 32 Width 32 END 

Layer 1 Tile 15 X 544 Y 480 Strip_x 32 Strip_y 0 Hieght 32 Width 32 END 

Layer 1 Tile 16 X 544 Y 512 Strip_x 32 Strip_y 0 Hieght 32 Width 32 END 

Layer 1 Tile 17 X 544 Y 544 Strip_x 32 Strip_y 0 Hieght 32 Width 32 END 

Layer 1 Tile 18 X 544 Y 576 Strip_x 32 Strip_y 0 Hieght 32 Width 32 END 

Layer 1 Tile 19 X 544 Y 608 Strip_x 32 Strip_y 0 Hieght 32 Width 32 END 


Layer 1 Tile 0 X 576 Y 0 Strip_x 32 Strip_y 0 Hieght 32 Width 32 END 

Layer 1 Tile 1 X 576 Y 32 Strip_x 32 Strip_y 0 Hieght 32 Width 32 END 

Layer 1 Tile 2 X 576 Y 64 Strip_x 32 Strip_y 0 Hieght 32 Width 32 END 

Layer 1 Tile 3 X 576 Y 96 Strip_x 32 Strip_y 0 Hieght 32 Width 32 END 

Layer 1 Tile 4 X 576 Y 128 Strip_x 32 Strip_y 0 Hieght 32 Width 32 END 

Layer 1 Tile 5 X 576 Y 160 Strip_x 32 Strip_y 0 Hieght 32 Width 32 END 

Layer 1 Tile 6 X 576 Y 192 Strip_x 32 Strip_y 0 Hieght 32 Width 32 END 

Layer 1 Tile 7 X 576 Y 224 Strip_x 32 Strip_y 0 Hieght 32 Width 32 END 

Layer 1 Tile 8 X 576 Y 256 Strip_x 32 Strip_y 0 Hieght 32 Width 32 END 

Layer 1 Tile 9 X 576 Y 288 Strip_x 32 Strip_y 0 Hieght 32 Width 32 END 

Layer 1 Tile 10 X 576 Y 320 Strip_x 32 Strip_y 0 Hieght 32 Width 32 END 

Layer 1 Tile 11 X 576 Y 352 Strip_x 32 Strip_y 0 Hieght 32 Width 32 END 

Layer 1 Tile 12 X 576 Y 384 Strip_x 32 Strip_y 0 Hieght 32 Width 32 END 

Layer 1 Tile 13 X 576 Y 416 Strip_x 32 Strip_y 0 Hieght 32 Width 32 END 

Layer 1 Tile 14 X 576 Y 448 Strip_x 32 Strip_y 0 Hieght 32 Width 32 END 

Layer 1 Tile 15 X 576 Y 480 Strip_x 32 Strip_y 0 Hieght 32 Width 32 END 

Layer 1 Tile 16 X 576 Y 512 Strip_x 32 Strip_y 0 Hieght 32 Width 32 END 

Layer 1 Tile 17 X 576 Y 544 Strip_x 32 Strip_y 0 Hieght 32 Width 32 END 

Layer 1 Tile 18 X 576 Y 576 Strip_x 32 Strip_y 0 Hieght 32 Width 32 END 

Layer 1 Tile 19 X 576 Y 608 Strip_x 32 Strip_y 0 Hieght 32 Width 32 END 


Layer 1 Tile 0 X 608 Y 0 Strip_x 32 Strip_y 0 Hieght 32 Width 32 END 

Layer 1 Tile 1 X 608 Y 32 Strip_x 32 Strip_y 0 Hieght 32 Width 32 END 

Layer 1 Tile 2 X 608 Y 64 Strip_x 32 Strip_y 0 Hieght 32 Width 32 END 

Layer 1 Tile 3 X 608 Y 96 Strip_x 32 Strip_y 0 Hieght 32 Width 32 END 

Layer 1 Tile 4 X 608 Y 128 Strip_x 32 Strip_y 0 Hieght 32 Width 32 END 

Layer 1 Tile 5 X 608 Y 160 Strip_x 32 Strip_y 0 Hieght 32 Width 32 END 

Layer 1 Tile 6 X 608 Y 192 Strip_x 32 Strip_y 0 Hieght 32 Width 32 END 

Layer 1 Tile 7 X 608 Y 224 Strip_x 32 Strip_y 0 Hieght 32 Width 32 END 

Layer 1 Tile 8 X 608 Y 256 Strip_x 32 Strip_y 0 Hieght 32 Width 32 END 

Layer 1 Tile 9 X 608 Y 288 Strip_x 32 Strip_y 0 Hieght 32 Width 32 END 

Layer 1 Tile 10 X 608 Y 320 Strip_x 32 Strip_y 0 Hieght 32 Width 32 END 

Layer 1 Tile 11 X 608 Y 352 Strip_x 32 Strip_y 0 Hieght 32 Width 32 END 

Layer 1 Tile 12 X 608 Y 384 Strip_x 32 Strip_y 0 Hieght 32 Width 32 END 

Layer 1 Tile 13 X 608 Y 416 Strip_x 32 Strip_y 0 Hieght 32 Width 32 END 

Layer 1 Tile 14 X 608 Y 448 Strip_x 32 Strip_y 0 Hieght 32 Width 32 END 

Layer 1 Tile 15 X 608 Y 480 Strip_x 32 Strip_y 0 Hieght 32 Width 32 END 

Layer 1 Tile 16 X 608 Y 512 Strip_x 32 Strip_y 0 Hieght 32 Width 32 END 

Layer 1 Tile 17 X 608 Y 544 Strip_x 32 Strip_y 0 Hieght 32 Width 32 END 

Layer 1 Tile 18 X 608 Y 576 Strip_x 32 Strip_y 0 Hieght 32 Width 32 END 

Layer 1 Tile 19 X 608 Y 608 Strip_x 32 Strip_y 0 Hieght 32 Width 32 END 



 
 
Layer 2 Tile 0 X 0 Y 0 Strip_x 64 Strip_y 0 Hieght 32 Width 32 END 

Layer 2 Tile 1 X 0 Y 32 Strip_x 64 Strip_y 0 Hieght 32 Width 32 END 

Layer 2 Tile 2 X 0 Y 64 Strip_x 64 Strip_y 0 Hieght 32 Width 32 END 

Layer 2 Tile 3 X 0 Y 96 Strip_x 64 Strip_y 0 Hieght 32 Width 32 END 

Layer 2 Tile 4 X 0 Y 128 Strip_x 64 Strip_y 0 Hieght 32 Width 32 END 

Layer 2 Tile 5 X 0 Y 160 Strip_x 64 Strip_y 0 Hieght 32 Width 32 END 

Layer 2 Tile 6 X 0 Y 192 Strip_x 64 Strip_y 0 Hieght 32 Width 32 END 

Layer 2 Tile 7 X 0 Y 224 Strip_x 64 Strip_y 0 Hieght 32 Width 32 END 

Layer 2 Tile 8 X 0 Y 256 Strip_x 64 Strip_y 0 Hieght 32 Width 32 END 

Layer 2 Tile 9 X 0 Y 288 Strip_x 64 Strip_y 0 Hieght 32 Width 32 END 

Layer 2 Tile 10 X 0 Y 320 Strip_x 64 Strip_y 0 Hieght 32 Width 32 END 

Layer 2 Tile 11 X 0 Y 352 Strip_x 64 Strip_y 0 Hieght 32 Width 32 END 

Layer 2 Tile 12 X 0 Y 384 Strip_x 64 Strip_y 0 Hieght 32 Width 32 END 

Layer 2 Tile 13 X 0 Y 416 Strip_x 64 Strip_y 0 Hieght 32 Width 32 END 

Layer 2 Tile 14 X 0 Y 448 Strip_x 64 Strip_y 0 Hieght 32 Width 32 END 

Layer 2 Tile 15 X 0 Y 480 Strip_x 64 Strip_y 0 Hieght 32 Width 32 END 

Layer 2 Tile 16 X 0 Y 512 Strip_x 64 Strip_y 0 Hieght 32 Width 32 END 

Layer 2 Tile 17 X 0 Y 544 Strip_x 64 Strip_y 0 Hieght 32 Width 32 END 

Layer 2 Tile 18 X 0 Y 576 Strip_x 64 Strip_y 0 Hieght 32 Width 32 END 

Layer 2 Tile 19 X 0 Y 608 Strip_x 64 Strip_y 0 Hieght 32 Width 32 END 


Layer 2 Tile 0 X 32 Y 0 Strip_x 64 Strip_y 0 Hieght 32 Width 32 END 

Layer 2 Tile 1 X 32 Y 32 Strip_x 64 Strip_y 0 Hieght 32 Width 32 END 

Layer 2 Tile 2 X 32 Y 64 Strip_x 64 Strip_y 0 Hieght 32 Width 32 END 

Layer 2 Tile 3 X 32 Y 96 Strip_x 64 Strip_y 0 Hieght 32 Width 32 END 

Layer 2 Tile 4 X 32 Y 128 Strip_x 64 Strip_y 0 Hieght 32 Width 32 END 

Layer 2 Tile 5 X 32 Y 160 Strip_x 64 Strip_y 0 Hieght 32 Width 32 END 

Layer 2 Tile 6 X 32 Y 192 Strip_x 64 Strip_y 0 Hieght 32 Width 32 END 

Layer 2 Tile 7 X 32 Y 224 Strip_x 64 Strip_y 0 Hieght 32 Width 32 END 

Layer 2 Tile 8 X 32 Y 256 Strip_x 64 Strip_y 0 Hieght 32 Width 32 END 

Layer 2 Tile 9 X 32 Y 288 Strip_x 64 Strip_y 0 Hieght 32 Width 32 END 

Layer 2 Tile 10 X 32 Y 320 Strip_x 64 Strip_y 0 Hieght 32 Width 32 END 

Layer 2 Tile 11 X 32 Y 352 Strip_x 64 Strip_y 0 Hieght 32 Width 32 END 

Layer 2 Tile 12 X 32 Y 384 Strip_x 64 Strip_y 0 Hieght 32 Width 32 END 

Layer 2 Tile 13 X 32 Y 416 Strip_x 64 Strip_y 0 Hieght 32 Width 32 END 

Layer 2 Tile 14 X 32 Y 448 Strip_x 64 Strip_y 0 Hieght 32 Width 32 END 

Layer 2 Tile 15 X 32 Y 480 Strip_x 64 Strip_y 0 Hieght 32 Width 32 END 

Layer 2 Tile 16 X 32 Y 512 Strip_x 64 Strip_y 0 Hieght 32 Width 32 END 

Layer 2 Tile 17 X 32 Y 544 Strip_x 64 Strip_y 0 Hieght 32 Width 32 END 

Layer 2 Tile 18 X 32 Y 576 Strip_x 64 Strip_y 0 Hieght 32 Width 32 END 

Layer 2 Tile 19 X 32 Y 608 Strip_x 64 Strip_y 0 Hieght 32 Width 32 END 


Layer 2 Tile 0 X 64 Y 0 Strip_x 64 Strip_y 0 Hieght 32 Width 32 END 

Layer 2 Tile 1 X 64 Y 32 Strip_x 64 Strip_y 0 Hieght 32 Width 32 END 

Layer 2 Tile 2 X 64 Y 64 Strip_x 64 Strip_y 0 Hieght 32 Width 32 END 

Layer 2 Tile 3 X 64 Y 96 Strip_x 64 Strip_y 0 Hieght 32 Width 32 END 

Layer 2 Tile 4 X 64 Y 128 Strip_x 64 Strip_y 0 Hieght 32 Width 32 END 

Layer 2 Tile 5 X 64 Y 160 Strip_x 64 Strip_y 0 Hieght 32 Width 32 END 

Layer 2 Tile 6 X 64 Y 192 Strip_x 64 Strip_y 0 Hieght 32 Width 32 END 

Layer 2 Tile 7 X 64 Y 224 Strip_x 64 Strip_y 0 Hieght 32 Width 32 END 

Layer 2 Tile 8 X 64 Y 256 Strip_x 64 Strip_y 0 Hieght 32 Width 32 END 

Layer 2 Tile 9 X 64 Y 288 Strip_x 64 Strip_y 0 Hieght 32 Width 32 END 

Layer 2 Tile 10 X 64 Y 320 Strip_x 64 Strip_y 0 Hieght 32 Width 32 END 

Layer 2 Tile 11 X 64 Y 352 Strip_x 64 Strip_y 0 Hieght 32 Width 32 END 

Layer 2 Tile 12 X 64 Y 384 Strip_x 64 Strip_y 0 Hieght 32 Width 32 END 

Layer 2 Tile 13 X 64 Y 416 Strip_x 64 Strip_y 0 Hieght 32 Width 32 END 

Layer 2 Tile 14 X 64 Y 448 Strip_x 64 Strip_y 0 Hieght 32 Width 32 END 

Layer 2 Tile 15 X 64 Y 480 Strip_x 64 Strip_y 0 Hieght 32 Width 32 END 

Layer 2 Tile 16 X 64 Y 512 Strip_x 64 Strip_y 0 Hieght 32 Width 32 END 

Layer 2 Tile 17 X 64 Y 544 Strip_x 64 Strip_y 0 Hieght 32 Width 32 END 

Layer 2 Tile 18 X 64 Y 576 Strip_x 64 Strip_y 0 Hieght 32 Width 32 END 

Layer 2 Tile 19 X 64 Y 608 Strip_x 64 Strip_y 0 Hieght 32 Width 32 END 


Layer 2 Tile 0 X 96 Y 0 Strip_x 64 Strip_y 0 Hieght 32 Width 32 END 

Layer 2 Tile 1 X 96 Y 32 Strip_x 64 Strip_y 0 Hieght 32 Width 32 END 

Layer 2 Tile 2 X 96 Y 64 Strip_x 64 Strip_y 0 Hieght 32 Width 32 END 

Layer 2 Tile 3 X 96 Y 96 Strip_x 64 Strip_y 0 Hieght 32 Width 32 END 

Layer 2 Tile 4 X 96 Y 128 Strip_x 64 Strip_y 0 Hieght 32 Width 32 END 

Layer 2 Tile 5 X 96 Y 160 Strip_x 64 Strip_y 0 Hieght 32 Width 32 END 

Layer 2 Tile 6 X 96 Y 192 Strip_x 64 Strip_y 0 Hieght 32 Width 32 END 

Layer 2 Tile 7 X 96 Y 224 Strip_x 64 Strip_y 0 Hieght 32 Width 32 END 

Layer 2 Tile 8 X 96 Y 256 Strip_x 64 Strip_y 0 Hieght 32 Width 32 END 

Layer 2 Tile 9 X 96 Y 288 Strip_x 64 Strip_y 0 Hieght 32 Width 32 END 

Layer 2 Tile 10 X 96 Y 320 Strip_x 64 Strip_y 0 Hieght 32 Width 32 END 

Layer 2 Tile 11 X 96 Y 352 Strip_x 64 Strip_y 0 Hieght 32 Width 32 END 

Layer 2 Tile 12 X 96 Y 384 Strip_x 64 Strip_y 0 Hieght 32 Width 32 END 

Layer 2 Tile 13 X 96 Y 416 Strip_x 64 Strip_y 0 Hieght 32 Width 32 END 

Layer 2 Tile 14 X 96 Y 448 Strip_x 64 Strip_y 0 Hieght 32 Width 32 END 

Layer 2 Tile 15 X 96 Y 480 Strip_x 64 Strip_y 0 Hieght 32 Width 32 END 

Layer 2 Tile 16 X 96 Y 512 Strip_x 64 Strip_y 0 Hieght 32 Width 32 END 

Layer 2 Tile 17 X 96 Y 544 Strip_x 64 Strip_y 0 Hieght 32 Width 32 END 

Layer 2 Tile 18 X 96 Y 576 Strip_x 64 Strip_y 0 Hieght 32 Width 32 END 

Layer 2 Tile 19 X 96 Y 608 Strip_x 64 Strip_y 0 Hieght 32 Width 32 END 


Layer 2 Tile 0 X 128 Y 0 Strip_x 64 Strip_y 0 Hieght 32 Width 32 END 

Layer 2 Tile 1 X 128 Y 32 Strip_x 64 Strip_y 0 Hieght 32 Width 32 END 

Layer 2 Tile 2 X 128 Y 64 Strip_x 64 Strip_y 0 Hieght 32 Width 32 END 

Layer 2 Tile 3 X 128 Y 96 Strip_x 64 Strip_y 0 Hieght 32 Width 32 END 

Layer 2 Tile 4 X 128 Y 128 Strip_x 64 Strip_y 0 Hieght 32 Width 32 END 

Layer 2 Tile 5 X 128 Y 160 Strip_x 64 Strip_y 0 Hieght 32 Width 32 END 

Layer 2 Tile 6 X 128 Y 192 Strip_x 64 Strip_y 0 Hieght 32 Width 32 END 

Layer 2 Tile 7 X 128 Y 224 Strip_x 64 Strip_y 0 Hieght 32 Width 32 END 

Layer 2 Tile 8 X 128 Y 256 Strip_x 64 Strip_y 0 Hieght 32 Width 32 END 

Layer 2 Tile 9 X 128 Y 288 Strip_x 64 Strip_y 0 Hieght 32 Width 32 END 

Layer 2 Tile 10 X 128 Y 320 Strip_x 64 Strip_y 0 Hieght 32 Width 32 END 

Layer 2 Tile 11 X 128 Y 352 Strip_x 64 Strip_y 0 Hieght 32 Width 32 END 

Layer 2 Tile 12 X 128 Y 384 Strip_x 64 Strip_y 0 Hieght 32 Width 32 END 

Layer 2 Tile 13 X 128 Y 416 Strip_x 64 Strip_y 0 Hieght 32 Width 32 END 

Layer 2 Tile 14 X 128 Y 448 Strip_x 64 Strip_y 0 Hieght 32 Width 32 END 

Layer 2 Tile 15 X 128 Y 480 Strip_x 64 Strip_y 0 Hieght 32 Width 32 END 

Layer 2 Tile 16 X 128 Y 512 Strip_x 64 Strip_y 0 Hieght 32 Width 32 END 

Layer 2 Tile 17 X 128 Y 544 Strip_x 64 Strip_y 0 Hieght 32 Width 32 END 

Layer 2 Tile 18 X 128 Y 576 Strip_x 64 Strip_y 0 Hieght 32 Width 32 END 

Layer 2 Tile 19 X 128 Y 608 Strip_x 64 Strip_y 0 Hieght 32 Width 32 END 


Layer 2 Tile 0 X 160 Y 0 Strip_x 64 Strip_y 0 Hieght 32 Width 32 END 

Layer 2 Tile 1 X 160 Y 32 Strip_x 64 Strip_y 0 Hieght 32 Width 32 END 

Layer 2 Tile 2 X 160 Y 64 Strip_x 64 Strip_y 0 Hieght 32 Width 32 END 

Layer 2 Tile 3 X 160 Y 96 Strip_x 64 Strip_y 0 Hieght 32 Width 32 END 

Layer 2 Tile 4 X 160 Y 128 Strip_x 64 Strip_y 0 Hieght 32 Width 32 END 

Layer 2 Tile 5 X 160 Y 160 Strip_x 64 Strip_y 0 Hieght 32 Width 32 END 

Layer 2 Tile 6 X 160 Y 192 Strip_x 64 Strip_y 0 Hieght 32 Width 32 END 

Layer 2 Tile 7 X 160 Y 224 Strip_x 64 Strip_y 0 Hieght 32 Width 32 END 

Layer 2 Tile 8 X 160 Y 256 Strip_x 64 Strip_y 0 Hieght 32 Width 32 END 

Layer 2 Tile 9 X 160 Y 288 Strip_x 64 Strip_y 0 Hieght 32 Width 32 END 

Layer 2 Tile 10 X 160 Y 320 Strip_x 64 Strip_y 0 Hieght 32 Width 32 END 

Layer 2 Tile 11 X 160 Y 352 Strip_x 64 Strip_y 0 Hieght 32 Width 32 END 

Layer 2 Tile 12 X 160 Y 384 Strip_x 64 Strip_y 0 Hieght 32 Width 32 END 

Layer 2 Tile 13 X 160 Y 416 Strip_x 64 Strip_y 0 Hieght 32 Width 32 END 

Layer 2 Tile 14 X 160 Y 448 Strip_x 64 Strip_y 0 Hieght 32 Width 32 END 

Layer 2 Tile 15 X 160 Y 480 Strip_x 64 Strip_y 0 Hieght 32 Width 32 END 

Layer 2 Tile 16 X 160 Y 512 Strip_x 64 Strip_y 0 Hieght 32 Width 32 END 

Layer 2 Tile 17 X 160 Y 544 Strip_x 64 Strip_y 0 Hieght 32 Width 32 END 

Layer 2 Tile 18 X 160 Y 576 Strip_x 64 Strip_y 0 Hieght 32 Width 32 END 

Layer 2 Tile 19 X 160 Y 608 Strip_x 64 Strip_y 0 Hieght 32 Width 32 END 


Layer 2 Tile 0 X 192 Y 0 Strip_x 64 Strip_y 0 Hieght 32 Width 32 END 

Layer 2 Tile 1 X 192 Y 32 Strip_x 64 Strip_y 0 Hieght 32 Width 32 END 

Layer 2 Tile 2 X 192 Y 64 Strip_x 64 Strip_y 0 Hieght 32 Width 32 END 

Layer 2 Tile 3 X 192 Y 96 Strip_x 64 Strip_y 0 Hieght 32 Width 32 END 

Layer 2 Tile 4 X 192 Y 128 Strip_x 64 Strip_y 0 Hieght 32 Width 32 END 

Layer 2 Tile 5 X 192 Y 160 Strip_x 64 Strip_y 0 Hieght 32 Width 32 END 

Layer 2 Tile 6 X 192 Y 192 Strip_x 64 Strip_y 0 Hieght 32 Width 32 END 

Layer 2 Tile 7 X 192 Y 224 Strip_x 64 Strip_y 0 Hieght 32 Width 32 END 

Layer 2 Tile 8 X 192 Y 256 Strip_x 64 Strip_y 0 Hieght 32 Width 32 END 

Layer 2 Tile 9 X 192 Y 288 Strip_x 64 Strip_y 0 Hieght 32 Width 32 END 

Layer 2 Tile 10 X 192 Y 320 Strip_x 64 Strip_y 0 Hieght 32 Width 32 END 

Layer 2 Tile 11 X 192 Y 352 Strip_x 64 Strip_y 0 Hieght 32 Width 32 END 

Layer 2 Tile 12 X 192 Y 384 Strip_x 64 Strip_y 0 Hieght 32 Width 32 END 

Layer 2 Tile 13 X 192 Y 416 Strip_x 64 Strip_y 0 Hieght 32 Width 32 END 

Layer 2 Tile 14 X 192 Y 448 Strip_x 64 Strip_y 0 Hieght 32 Width 32 END 

Layer 2 Tile 15 X 192 Y 480 Strip_x 64 Strip_y 0 Hieght 32 Width 32 END 

Layer 2 Tile 16 X 192 Y 512 Strip_x 64 Strip_y 0 Hieght 32 Width 32 END 

Layer 2 Tile 17 X 192 Y 544 Strip_x 64 Strip_y 0 Hieght 32 Width 32 END 

Layer 2 Tile 18 X 192 Y 576 Strip_x 64 Strip_y 0 Hieght 32 Width 32 END 

Layer 2 Tile 19 X 192 Y 608 Strip_x 64 Strip_y 0 Hieght 32 Width 32 END 


Layer 2 Tile 0 X 224 Y 0 Strip_x 64 Strip_y 0 Hieght 32 Width 32 END 

Layer 2 Tile 1 X 224 Y 32 Strip_x 64 Strip_y 0 Hieght 32 Width 32 END 

Layer 2 Tile 2 X 224 Y 64 Strip_x 64 Strip_y 0 Hieght 32 Width 32 END 

Layer 2 Tile 3 X 224 Y 96 Strip_x 64 Strip_y 0 Hieght 32 Width 32 END 

Layer 2 Tile 4 X 224 Y 128 Strip_x 64 Strip_y 0 Hieght 32 Width 32 END 

Layer 2 Tile 5 X 224 Y 160 Strip_x 64 Strip_y 0 Hieght 32 Width 32 END 

Layer 2 Tile 6 X 224 Y 192 Strip_x 64 Strip_y 0 Hieght 32 Width 32 END 

Layer 2 Tile 7 X 224 Y 224 Strip_x 64 Strip_y 0 Hieght 32 Width 32 END 

Layer 2 Tile 8 X 224 Y 256 Strip_x 64 Strip_y 0 Hieght 32 Width 32 END 

Layer 2 Tile 9 X 224 Y 288 Strip_x 64 Strip_y 0 Hieght 32 Width 32 END 

Layer 2 Tile 10 X 224 Y 320 Strip_x 64 Strip_y 0 Hieght 32 Width 32 END 

Layer 2 Tile 11 X 224 Y 352 Strip_x 64 Strip_y 0 Hieght 32 Width 32 END 

Layer 2 Tile 12 X 224 Y 384 Strip_x 64 Strip_y 0 Hieght 32 Width 32 END 

Layer 2 Tile 13 X 224 Y 416 Strip_x 64 Strip_y 0 Hieght 32 Width 32 END 

Layer 2 Tile 14 X 224 Y 448 Strip_x 64 Strip_y 0 Hieght 32 Width 32 END 

Layer 2 Tile 15 X 224 Y 480 Strip_x 64 Strip_y 0 Hieght 32 Width 32 END 

Layer 2 Tile 16 X 224 Y 512 Strip_x 64 Strip_y 0 Hieght 32 Width 32 END 

Layer 2 Tile 17 X 224 Y 544 Strip_x 64 Strip_y 0 Hieght 32 Width 32 END 

Layer 2 Tile 18 X 224 Y 576 Strip_x 64 Strip_y 0 Hieght 32 Width 32 END 

Layer 2 Tile 19 X 224 Y 608 Strip_x 64 Strip_y 0 Hieght 32 Width 32 END 


Layer 2 Tile 0 X 256 Y 0 Strip_x 64 Strip_y 0 Hieght 32 Width 32 END 

Layer 2 Tile 1 X 256 Y 32 Strip_x 64 Strip_y 0 Hieght 32 Width 32 END 

Layer 2 Tile 2 X 256 Y 64 Strip_x 64 Strip_y 0 Hieght 32 Width 32 END 

Layer 2 Tile 3 X 256 Y 96 Strip_x 64 Strip_y 0 Hieght 32 Width 32 END 

Layer 2 Tile 4 X 256 Y 128 Strip_x 64 Strip_y 0 Hieght 32 Width 32 END 

Layer 2 Tile 5 X 256 Y 160 Strip_x 64 Strip_y 0 Hieght 32 Width 32 END 

Layer 2 Tile 6 X 256 Y 192 Strip_x 64 Strip_y 0 Hieght 32 Width 32 END 

Layer 2 Tile 7 X 256 Y 224 Strip_x 64 Strip_y 0 Hieght 32 Width 32 END 

Layer 2 Tile 8 X 256 Y 256 Strip_x 64 Strip_y 0 Hieght 32 Width 32 END 

Layer 2 Tile 9 X 256 Y 288 Strip_x 64 Strip_y 0 Hieght 32 Width 32 END 

Layer 2 Tile 10 X 256 Y 320 Strip_x 64 Strip_y 0 Hieght 32 Width 32 END 

Layer 2 Tile 11 X 256 Y 352 Strip_x 64 Strip_y 0 Hieght 32 Width 32 END 

Layer 2 Tile 12 X 256 Y 384 Strip_x 64 Strip_y 0 Hieght 32 Width 32 END 

Layer 2 Tile 13 X 256 Y 416 Strip_x 64 Strip_y 0 Hieght 32 Width 32 END 

Layer 2 Tile 14 X 256 Y 448 Strip_x 64 Strip_y 0 Hieght 32 Width 32 END 

Layer 2 Tile 15 X 256 Y 480 Strip_x 64 Strip_y 0 Hieght 32 Width 32 END 

Layer 2 Tile 16 X 256 Y 512 Strip_x 64 Strip_y 0 Hieght 32 Width 32 END 

Layer 2 Tile 17 X 256 Y 544 Strip_x 64 Strip_y 0 Hieght 32 Width 32 END 

Layer 2 Tile 18 X 256 Y 576 Strip_x 64 Strip_y 0 Hieght 32 Width 32 END 

Layer 2 Tile 19 X 256 Y 608 Strip_x 64 Strip_y 0 Hieght 32 Width 32 END 


Layer 2 Tile 0 X 288 Y 0 Strip_x 64 Strip_y 0 Hieght 32 Width 32 END 

Layer 2 Tile 1 X 288 Y 32 Strip_x 64 Strip_y 0 Hieght 32 Width 32 END 

Layer 2 Tile 2 X 288 Y 64 Strip_x 64 Strip_y 0 Hieght 32 Width 32 END 

Layer 2 Tile 3 X 288 Y 96 Strip_x 64 Strip_y 0 Hieght 32 Width 32 END 

Layer 2 Tile 4 X 288 Y 128 Strip_x 64 Strip_y 0 Hieght 32 Width 32 END 

Layer 2 Tile 5 X 288 Y 160 Strip_x 64 Strip_y 0 Hieght 32 Width 32 END 

Layer 2 Tile 6 X 288 Y 192 Strip_x 64 Strip_y 0 Hieght 32 Width 32 END 

Layer 2 Tile 7 X 288 Y 224 Strip_x 64 Strip_y 0 Hieght 32 Width 32 END 

Layer 2 Tile 8 X 288 Y 256 Strip_x 64 Strip_y 0 Hieght 32 Width 32 END 

Layer 2 Tile 9 X 288 Y 288 Strip_x 64 Strip_y 0 Hieght 32 Width 32 END 

Layer 2 Tile 10 X 288 Y 320 Strip_x 64 Strip_y 0 Hieght 32 Width 32 END 

Layer 2 Tile 11 X 288 Y 352 Strip_x 64 Strip_y 0 Hieght 32 Width 32 END 

Layer 2 Tile 12 X 288 Y 384 Strip_x 64 Strip_y 0 Hieght 32 Width 32 END 

Layer 2 Tile 13 X 288 Y 416 Strip_x 64 Strip_y 0 Hieght 32 Width 32 END 

Layer 2 Tile 14 X 288 Y 448 Strip_x 64 Strip_y 0 Hieght 32 Width 32 END 

Layer 2 Tile 15 X 288 Y 480 Strip_x 64 Strip_y 0 Hieght 32 Width 32 END 

Layer 2 Tile 16 X 288 Y 512 Strip_x 64 Strip_y 0 Hieght 32 Width 32 END 

Layer 2 Tile 17 X 288 Y 544 Strip_x 64 Strip_y 0 Hieght 32 Width 32 END 

Layer 2 Tile 18 X 288 Y 576 Strip_x 64 Strip_y 0 Hieght 32 Width 32 END 

Layer 2 Tile 19 X 288 Y 608 Strip_x 64 Strip_y 0 Hieght 32 Width 32 END 


Layer 2 Tile 0 X 320 Y 0 Strip_x 64 Strip_y 0 Hieght 32 Width 32 END 

Layer 2 Tile 1 X 320 Y 32 Strip_x 64 Strip_y 0 Hieght 32 Width 32 END 

Layer 2 Tile 2 X 320 Y 64 Strip_x 64 Strip_y 0 Hieght 32 Width 32 END 

Layer 2 Tile 3 X 320 Y 96 Strip_x 64 Strip_y 0 Hieght 32 Width 32 END 

Layer 2 Tile 4 X 320 Y 128 Strip_x 64 Strip_y 0 Hieght 32 Width 32 END 

Layer 2 Tile 5 X 320 Y 160 Strip_x 64 Strip_y 0 Hieght 32 Width 32 END 

Layer 2 Tile 6 X 320 Y 192 Strip_x 64 Strip_y 0 Hieght 32 Width 32 END 

Layer 2 Tile 7 X 320 Y 224 Strip_x 64 Strip_y 0 Hieght 32 Width 32 END 

Layer 2 Tile 8 X 320 Y 256 Strip_x 64 Strip_y 0 Hieght 32 Width 32 END 

Layer 2 Tile 9 X 320 Y 288 Strip_x 64 Strip_y 0 Hieght 32 Width 32 END 

Layer 2 Tile 10 X 320 Y 320 Strip_x 64 Strip_y 0 Hieght 32 Width 32 END 

Layer 2 Tile 11 X 320 Y 352 Strip_x 64 Strip_y 0 Hieght 32 Width 32 END 

Layer 2 Tile 12 X 320 Y 384 Strip_x 64 Strip_y 0 Hieght 32 Width 32 END 

Layer 2 Tile 13 X 320 Y 416 Strip_x 64 Strip_y 0 Hieght 32 Width 32 END 

Layer 2 Tile 14 X 320 Y 448 Strip_x 64 Strip_y 0 Hieght 32 Width 32 END 

Layer 2 Tile 15 X 320 Y 480 Strip_x 64 Strip_y 0 Hieght 32 Width 32 END 

Layer 2 Tile 16 X 320 Y 512 Strip_x 64 Strip_y 0 Hieght 32 Width 32 END 

Layer 2 Tile 17 X 320 Y 544 Strip_x 64 Strip_y 0 Hieght 32 Width 32 END 

Layer 2 Tile 18 X 320 Y 576 Strip_x 64 Strip_y 0 Hieght 32 Width 32 END 

Layer 2 Tile 19 X 320 Y 608 Strip_x 64 Strip_y 0 Hieght 32 Width 32 END 


Layer 2 Tile 0 X 352 Y 0 Strip_x 64 Strip_y 0 Hieght 32 Width 32 END 

Layer 2 Tile 1 X 352 Y 32 Strip_x 64 Strip_y 0 Hieght 32 Width 32 END 

Layer 2 Tile 2 X 352 Y 64 Strip_x 64 Strip_y 0 Hieght 32 Width 32 END 

Layer 2 Tile 3 X 352 Y 96 Strip_x 64 Strip_y 0 Hieght 32 Width 32 END 

Layer 2 Tile 4 X 352 Y 128 Strip_x 64 Strip_y 0 Hieght 32 Width 32 END 

Layer 2 Tile 5 X 352 Y 160 Strip_x 64 Strip_y 0 Hieght 32 Width 32 END 

Layer 2 Tile 6 X 352 Y 192 Strip_x 64 Strip_y 0 Hieght 32 Width 32 END 

Layer 2 Tile 7 X 352 Y 224 Strip_x 64 Strip_y 0 Hieght 32 Width 32 END 

Layer 2 Tile 8 X 352 Y 256 Strip_x 64 Strip_y 0 Hieght 32 Width 32 END 

Layer 2 Tile 9 X 352 Y 288 Strip_x 64 Strip_y 0 Hieght 32 Width 32 END 

Layer 2 Tile 10 X 352 Y 320 Strip_x 64 Strip_y 0 Hieght 32 Width 32 END 

Layer 2 Tile 11 X 352 Y 352 Strip_x 64 Strip_y 0 Hieght 32 Width 32 END 

Layer 2 Tile 12 X 352 Y 384 Strip_x 64 Strip_y 0 Hieght 32 Width 32 END 

Layer 2 Tile 13 X 352 Y 416 Strip_x 64 Strip_y 0 Hieght 32 Width 32 END 

Layer 2 Tile 14 X 352 Y 448 Strip_x 64 Strip_y 0 Hieght 32 Width 32 END 

Layer 2 Tile 15 X 352 Y 480 Strip_x 64 Strip_y 0 Hieght 32 Width 32 END 

Layer 2 Tile 16 X 352 Y 512 Strip_x 64 Strip_y 0 Hieght 32 Width 32 END 

Layer 2 Tile 17 X 352 Y 544 Strip_x 64 Strip_y 0 Hieght 32 Width 32 END 

Layer 2 Tile 18 X 352 Y 576 Strip_x 64 Strip_y 0 Hieght 32 Width 32 END 

Layer 2 Tile 19 X 352 Y 608 Strip_x 64 Strip_y 0 Hieght 32 Width 32 END 


Layer 2 Tile 0 X 384 Y 0 Strip_x 64 Strip_y 0 Hieght 32 Width 32 END 

Layer 2 Tile 1 X 384 Y 32 Strip_x 64 Strip_y 0 Hieght 32 Width 32 END 

Layer 2 Tile 2 X 384 Y 64 Strip_x 64 Strip_y 0 Hieght 32 Width 32 END 

Layer 2 Tile 3 X 384 Y 96 Strip_x 64 Strip_y 0 Hieght 32 Width 32 END 

Layer 2 Tile 4 X 384 Y 128 Strip_x 64 Strip_y 0 Hieght 32 Width 32 END 

Layer 2 Tile 5 X 384 Y 160 Strip_x 64 Strip_y 0 Hieght 32 Width 32 END 

Layer 2 Tile 6 X 384 Y 192 Strip_x 64 Strip_y 0 Hieght 32 Width 32 END 

Layer 2 Tile 7 X 384 Y 224 Strip_x 64 Strip_y 0 Hieght 32 Width 32 END 

Layer 2 Tile 8 X 384 Y 256 Strip_x 64 Strip_y 0 Hieght 32 Width 32 END 

Layer 2 Tile 9 X 384 Y 288 Strip_x 64 Strip_y 0 Hieght 32 Width 32 END 

Layer 2 Tile 10 X 384 Y 320 Strip_x 64 Strip_y 0 Hieght 32 Width 32 END 

Layer 2 Tile 11 X 384 Y 352 Strip_x 64 Strip_y 0 Hieght 32 Width 32 END 

Layer 2 Tile 12 X 384 Y 384 Strip_x 64 Strip_y 0 Hieght 32 Width 32 END 

Layer 2 Tile 13 X 384 Y 416 Strip_x 64 Strip_y 0 Hieght 32 Width 32 END 

Layer 2 Tile 14 X 384 Y 448 Strip_x 64 Strip_y 0 Hieght 32 Width 32 END 

Layer 2 Tile 15 X 384 Y 480 Strip_x 64 Strip_y 0 Hieght 32 Width 32 END 

Layer 2 Tile 16 X 384 Y 512 Strip_x 64 Strip_y 0 Hieght 32 Width 32 END 

Layer 2 Tile 17 X 384 Y 544 Strip_x 64 Strip_y 0 Hieght 32 Width 32 END 

Layer 2 Tile 18 X 384 Y 576 Strip_x 64 Strip_y 0 Hieght 32 Width 32 END 

Layer 2 Tile 19 X 384 Y 608 Strip_x 64 Strip_y 0 Hieght 32 Width 32 END 


Layer 2 Tile 0 X 416 Y 0 Strip_x 64 Strip_y 0 Hieght 32 Width 32 END 

Layer 2 Tile 1 X 416 Y 32 Strip_x 64 Strip_y 0 Hieght 32 Width 32 END 

Layer 2 Tile 2 X 416 Y 64 Strip_x 64 Strip_y 0 Hieght 32 Width 32 END 

Layer 2 Tile 3 X 416 Y 96 Strip_x 64 Strip_y 0 Hieght 32 Width 32 END 

Layer 2 Tile 4 X 416 Y 128 Strip_x 64 Strip_y 0 Hieght 32 Width 32 END 

Layer 2 Tile 5 X 416 Y 160 Strip_x 64 Strip_y 0 Hieght 32 Width 32 END 

Layer 2 Tile 6 X 416 Y 192 Strip_x 64 Strip_y 0 Hieght 32 Width 32 END 

Layer 2 Tile 7 X 416 Y 224 Strip_x 64 Strip_y 0 Hieght 32 Width 32 END 

Layer 2 Tile 8 X 416 Y 256 Strip_x 64 Strip_y 0 Hieght 32 Width 32 END 

Layer 2 Tile 9 X 416 Y 288 Strip_x 64 Strip_y 0 Hieght 32 Width 32 END 

Layer 2 Tile 10 X 416 Y 320 Strip_x 64 Strip_y 0 Hieght 32 Width 32 END 

Layer 2 Tile 11 X 416 Y 352 Strip_x 64 Strip_y 0 Hieght 32 Width 32 END 

Layer 2 Tile 12 X 416 Y 384 Strip_x 64 Strip_y 0 Hieght 32 Width 32 END 

Layer 2 Tile 13 X 416 Y 416 Strip_x 64 Strip_y 0 Hieght 32 Width 32 END 

Layer 2 Tile 14 X 416 Y 448 Strip_x 64 Strip_y 0 Hieght 32 Width 32 END 

Layer 2 Tile 15 X 416 Y 480 Strip_x 64 Strip_y 0 Hieght 32 Width 32 END 

Layer 2 Tile 16 X 416 Y 512 Strip_x 64 Strip_y 0 Hieght 32 Width 32 END 

Layer 2 Tile 17 X 416 Y 544 Strip_x 64 Strip_y 0 Hieght 32 Width 32 END 

Layer 2 Tile 18 X 416 Y 576 Strip_x 64 Strip_y 0 Hieght 32 Width 32 END 

Layer 2 Tile 19 X 416 Y 608 Strip_x 64 Strip_y 0 Hieght 32 Width 32 END 


Layer 2 Tile 0 X 448 Y 0 Strip_x 64 Strip_y 0 Hieght 32 Width 32 END 

Layer 2 Tile 1 X 448 Y 32 Strip_x 64 Strip_y 0 Hieght 32 Width 32 END 

Layer 2 Tile 2 X 448 Y 64 Strip_x 64 Strip_y 0 Hieght 32 Width 32 END 

Layer 2 Tile 3 X 448 Y 96 Strip_x 64 Strip_y 0 Hieght 32 Width 32 END 

Layer 2 Tile 4 X 448 Y 128 Strip_x 64 Strip_y 0 Hieght 32 Width 32 END 

Layer 2 Tile 5 X 448 Y 160 Strip_x 64 Strip_y 0 Hieght 32 Width 32 END 

Layer 2 Tile 6 X 448 Y 192 Strip_x 64 Strip_y 0 Hieght 32 Width 32 END 

Layer 2 Tile 7 X 448 Y 224 Strip_x 64 Strip_y 0 Hieght 32 Width 32 END 

Layer 2 Tile 8 X 448 Y 256 Strip_x 64 Strip_y 0 Hieght 32 Width 32 END 

Layer 2 Tile 9 X 448 Y 288 Strip_x 64 Strip_y 0 Hieght 32 Width 32 END 

Layer 2 Tile 10 X 448 Y 320 Strip_x 64 Strip_y 0 Hieght 32 Width 32 END 

Layer 2 Tile 11 X 448 Y 352 Strip_x 64 Strip_y 0 Hieght 32 Width 32 END 

Layer 2 Tile 12 X 448 Y 384 Strip_x 64 Strip_y 0 Hieght 32 Width 32 END 

Layer 2 Tile 13 X 448 Y 416 Strip_x 64 Strip_y 0 Hieght 32 Width 32 END 

Layer 2 Tile 14 X 448 Y 448 Strip_x 64 Strip_y 0 Hieght 32 Width 32 END 

Layer 2 Tile 15 X 448 Y 480 Strip_x 64 Strip_y 0 Hieght 32 Width 32 END 

Layer 2 Tile 16 X 448 Y 512 Strip_x 64 Strip_y 0 Hieght 32 Width 32 END 

Layer 2 Tile 17 X 448 Y 544 Strip_x 64 Strip_y 0 Hieght 32 Width 32 END 

Layer 2 Tile 18 X 448 Y 576 Strip_x 64 Strip_y 0 Hieght 32 Width 32 END 

Layer 2 Tile 19 X 448 Y 608 Strip_x 64 Strip_y 0 Hieght 32 Width 32 END 


Layer 2 Tile 0 X 480 Y 0 Strip_x 64 Strip_y 0 Hieght 32 Width 32 END 

Layer 2 Tile 1 X 480 Y 32 Strip_x 64 Strip_y 0 Hieght 32 Width 32 END 

Layer 2 Tile 2 X 480 Y 64 Strip_x 64 Strip_y 0 Hieght 32 Width 32 END 

Layer 2 Tile 3 X 480 Y 96 Strip_x 64 Strip_y 0 Hieght 32 Width 32 END 

Layer 2 Tile 4 X 480 Y 128 Strip_x 64 Strip_y 0 Hieght 32 Width 32 END 

Layer 2 Tile 5 X 480 Y 160 Strip_x 64 Strip_y 0 Hieght 32 Width 32 END 

Layer 2 Tile 6 X 480 Y 192 Strip_x 64 Strip_y 0 Hieght 32 Width 32 END 

Layer 2 Tile 7 X 480 Y 224 Strip_x 64 Strip_y 0 Hieght 32 Width 32 END 

Layer 2 Tile 8 X 480 Y 256 Strip_x 64 Strip_y 0 Hieght 32 Width 32 END 

Layer 2 Tile 9 X 480 Y 288 Strip_x 64 Strip_y 0 Hieght 32 Width 32 END 

Layer 2 Tile 10 X 480 Y 320 Strip_x 64 Strip_y 0 Hieght 32 Width 32 END 

Layer 2 Tile 11 X 480 Y 352 Strip_x 64 Strip_y 0 Hieght 32 Width 32 END 

Layer 2 Tile 12 X 480 Y 384 Strip_x 64 Strip_y 0 Hieght 32 Width 32 END 

Layer 2 Tile 13 X 480 Y 416 Strip_x 64 Strip_y 0 Hieght 32 Width 32 END 

Layer 2 Tile 14 X 480 Y 448 Strip_x 64 Strip_y 0 Hieght 32 Width 32 END 

Layer 2 Tile 15 X 480 Y 480 Strip_x 64 Strip_y 0 Hieght 32 Width 32 END 

Layer 2 Tile 16 X 480 Y 512 Strip_x 64 Strip_y 0 Hieght 32 Width 32 END 

Layer 2 Tile 17 X 480 Y 544 Strip_x 64 Strip_y 0 Hieght 32 Width 32 END 

Layer 2 Tile 18 X 480 Y 576 Strip_x 64 Strip_y 0 Hieght 32 Width 32 END 

Layer 2 Tile 19 X 480 Y 608 Strip_x 64 Strip_y 0 Hieght 32 Width 32 END 


Layer 2 Tile 0 X 512 Y 0 Strip_x 64 Strip_y 0 Hieght 32 Width 32 END 

Layer 2 Tile 1 X 512 Y 32 Strip_x 64 Strip_y 0 Hieght 32 Width 32 END 

Layer 2 Tile 2 X 512 Y 64 Strip_x 64 Strip_y 0 Hieght 32 Width 32 END 

Layer 2 Tile 3 X 512 Y 96 Strip_x 64 Strip_y 0 Hieght 32 Width 32 END 

Layer 2 Tile 4 X 512 Y 128 Strip_x 64 Strip_y 0 Hieght 32 Width 32 END 

Layer 2 Tile 5 X 512 Y 160 Strip_x 64 Strip_y 0 Hieght 32 Width 32 END 

Layer 2 Tile 6 X 512 Y 192 Strip_x 64 Strip_y 0 Hieght 32 Width 32 END 

Layer 2 Tile 7 X 512 Y 224 Strip_x 64 Strip_y 0 Hieght 32 Width 32 END 

Layer 2 Tile 8 X 512 Y 256 Strip_x 64 Strip_y 0 Hieght 32 Width 32 END 

Layer 2 Tile 9 X 512 Y 288 Strip_x 64 Strip_y 0 Hieght 32 Width 32 END 

Layer 2 Tile 10 X 512 Y 320 Strip_x 64 Strip_y 0 Hieght 32 Width 32 END 

Layer 2 Tile 11 X 512 Y 352 Strip_x 64 Strip_y 0 Hieght 32 Width 32 END 

Layer 2 Tile 12 X 512 Y 384 Strip_x 64 Strip_y 0 Hieght 32 Width 32 END 

Layer 2 Tile 13 X 512 Y 416 Strip_x 64 Strip_y 0 Hieght 32 Width 32 END 

Layer 2 Tile 14 X 512 Y 448 Strip_x 64 Strip_y 0 Hieght 32 Width 32 END 

Layer 2 Tile 15 X 512 Y 480 Strip_x 64 Strip_y 0 Hieght 32 Width 32 END 

Layer 2 Tile 16 X 512 Y 512 Strip_x 64 Strip_y 0 Hieght 32 Width 32 END 

Layer 2 Tile 17 X 512 Y 544 Strip_x 64 Strip_y 0 Hieght 32 Width 32 END 

Layer 2 Tile 18 X 512 Y 576 Strip_x 64 Strip_y 0 Hieght 32 Width 32 END 

Layer 2 Tile 19 X 512 Y 608 Strip_x 64 Strip_y 0 Hieght 32 Width 32 END 


Layer 2 Tile 0 X 544 Y 0 Strip_x 64 Strip_y 0 Hieght 32 Width 32 END 

Layer 2 Tile 1 X 544 Y 32 Strip_x 64 Strip_y 0 Hieght 32 Width 32 END 

Layer 2 Tile 2 X 544 Y 64 Strip_x 64 Strip_y 0 Hieght 32 Width 32 END 

Layer 2 Tile 3 X 544 Y 96 Strip_x 64 Strip_y 0 Hieght 32 Width 32 END 

Layer 2 Tile 4 X 544 Y 128 Strip_x 64 Strip_y 0 Hieght 32 Width 32 END 

Layer 2 Tile 5 X 544 Y 160 Strip_x 64 Strip_y 0 Hieght 32 Width 32 END 

Layer 2 Tile 6 X 544 Y 192 Strip_x 64 Strip_y 0 Hieght 32 Width 32 END 

Layer 2 Tile 7 X 544 Y 224 Strip_x 64 Strip_y 0 Hieght 32 Width 32 END 

Layer 2 Tile 8 X 544 Y 256 Strip_x 64 Strip_y 0 Hieght 32 Width 32 END 

Layer 2 Tile 9 X 544 Y 288 Strip_x 64 Strip_y 0 Hieght 32 Width 32 END 

Layer 2 Tile 10 X 544 Y 320 Strip_x 64 Strip_y 0 Hieght 32 Width 32 END 

Layer 2 Tile 11 X 544 Y 352 Strip_x 64 Strip_y 0 Hieght 32 Width 32 END 

Layer 2 Tile 12 X 544 Y 384 Strip_x 64 Strip_y 0 Hieght 32 Width 32 END 

Layer 2 Tile 13 X 544 Y 416 Strip_x 64 Strip_y 0 Hieght 32 Width 32 END 

Layer 2 Tile 14 X 544 Y 448 Strip_x 64 Strip_y 0 Hieght 32 Width 32 END 

Layer 2 Tile 15 X 544 Y 480 Strip_x 64 Strip_y 0 Hieght 32 Width 32 END 

Layer 2 Tile 16 X 544 Y 512 Strip_x 64 Strip_y 0 Hieght 32 Width 32 END 

Layer 2 Tile 17 X 544 Y 544 Strip_x 64 Strip_y 0 Hieght 32 Width 32 END 

Layer 2 Tile 18 X 544 Y 576 Strip_x 64 Strip_y 0 Hieght 32 Width 32 END 

Layer 2 Tile 19 X 544 Y 608 Strip_x 64 Strip_y 0 Hieght 32 Width 32 END 


Layer 2 Tile 0 X 576 Y 0 Strip_x 64 Strip_y 0 Hieght 32 Width 32 END 

Layer 2 Tile 1 X 576 Y 32 Strip_x 64 Strip_y 0 Hieght 32 Width 32 END 

Layer 2 Tile 2 X 576 Y 64 Strip_x 64 Strip_y 0 Hieght 32 Width 32 END 

Layer 2 Tile 3 X 576 Y 96 Strip_x 64 Strip_y 0 Hieght 32 Width 32 END 

Layer 2 Tile 4 X 576 Y 128 Strip_x 64 Strip_y 0 Hieght 32 Width 32 END 

Layer 2 Tile 5 X 576 Y 160 Strip_x 64 Strip_y 0 Hieght 32 Width 32 END 

Layer 2 Tile 6 X 576 Y 192 Strip_x 64 Strip_y 0 Hieght 32 Width 32 END 

Layer 2 Tile 7 X 576 Y 224 Strip_x 64 Strip_y 0 Hieght 32 Width 32 END 

Layer 2 Tile 8 X 576 Y 256 Strip_x 64 Strip_y 0 Hieght 32 Width 32 END 

Layer 2 Tile 9 X 576 Y 288 Strip_x 64 Strip_y 0 Hieght 32 Width 32 END 

Layer 2 Tile 10 X 576 Y 320 Strip_x 64 Strip_y 0 Hieght 32 Width 32 END 

Layer 2 Tile 11 X 576 Y 352 Strip_x 64 Strip_y 0 Hieght 32 Width 32 END 

Layer 2 Tile 12 X 576 Y 384 Strip_x 64 Strip_y 0 Hieght 32 Width 32 END 

Layer 2 Tile 13 X 576 Y 416 Strip_x 64 Strip_y 0 Hieght 32 Width 32 END 

Layer 2 Tile 14 X 576 Y 448 Strip_x 64 Strip_y 0 Hieght 32 Width 32 END 

Layer 2 Tile 15 X 576 Y 480 Strip_x 64 Strip_y 0 Hieght 32 Width 32 END 

Layer 2 Tile 16 X 576 Y 512 Strip_x 64 Strip_y 0 Hieght 32 Width 32 END 

Layer 2 Tile 17 X 576 Y 544 Strip_x 64 Strip_y 0 Hieght 32 Width 32 END 

Layer 2 Tile 18 X 576 Y 576 Strip_x 64 Strip_y 0 Hieght 32 Width 32 END 

Layer 2 Tile 19 X 576 Y 608 Strip_x 64 Strip_y 0 Hieght 32 Width 32 END 


Layer 2 Tile 0 X 608 Y 0 Strip_x 64 Strip_y 0 Hieght 32 Width 32 END 

Layer 2 Tile 1 X 608 Y 32 Strip_x 64 Strip_y 0 Hieght 32 Width 32 END 

Layer 2 Tile 2 X 608 Y 64 Strip_x 64 Strip_y 0 Hieght 32 Width 32 END 

Layer 2 Tile 3 X 608 Y 96 Strip_x 64 Strip_y 0 Hieght 32 Width 32 END 

Layer 2 Tile 4 X 608 Y 128 Strip_x 64 Strip_y 0 Hieght 32 Width 32 END 

Layer 2 Tile 5 X 608 Y 160 Strip_x 64 Strip_y 0 Hieght 32 Width 32 END 

Layer 2 Tile 6 X 608 Y 192 Strip_x 64 Strip_y 0 Hieght 32 Width 32 END 

Layer 2 Tile 7 X 608 Y 224 Strip_x 64 Strip_y 0 Hieght 32 Width 32 END 

Layer 2 Tile 8 X 608 Y 256 Strip_x 64 Strip_y 0 Hieght 32 Width 32 END 

Layer 2 Tile 9 X 608 Y 288 Strip_x 64 Strip_y 0 Hieght 32 Width 32 END 

Layer 2 Tile 10 X 608 Y 320 Strip_x 64 Strip_y 0 Hieght 32 Width 32 END 

Layer 2 Tile 11 X 608 Y 352 Strip_x 64 Strip_y 0 Hieght 32 Width 32 END 

Layer 2 Tile 12 X 608 Y 384 Strip_x 64 Strip_y 0 Hieght 32 Width 32 END 

Layer 2 Tile 13 X 608 Y 416 Strip_x 64 Strip_y 0 Hieght 32 Width 32 END 

Layer 2 Tile 14 X 608 Y 448 Strip_x 64 Strip_y 0 Hieght 32 Width 32 END 

Layer 2 Tile 15 X 608 Y 480 Strip_x 64 Strip_y 0 Hieght 32 Width 32 END 

Layer 2 Tile 16 X 608 Y 512 Strip_x 64 Strip_y 0 Hieght 32 Width 32 END 

Layer 2 Tile 17 X 608 Y 544 Strip_x 64 Strip_y 0 Hieght 32 Width 32 END 

Layer 2 Tile 18 X 608 Y 576 Strip_x 64 Strip_y 0 Hieght 32 Width 32 END 

Layer 2 Tile 19 X 608 Y 608 Strip_x 64 Strip_y 0 Hieght 32 Width 32 END 



 
 
